Archive member included because of file (symbol)

C:\Users\USER\Desktop\WORKSP~1\RTOS_W~1\0571E2~1.TAS\erika\lib\libee.a(ee_tc_cstart.c.o)
                              (__TRICORE_DERIVATE_NAME__)
C:\Users\USER\Desktop\WORKSP~1\RTOS_W~1\0571E2~1.TAS\erika\lib\libee.a(ee_tc_system.c.o)
                              C:\Users\USER\Desktop\WORKSP~1\RTOS_W~1\0571E2~1.TAS\erika\lib\libee.a(ee_tc_cstart.c.o) (osEE_tc_set_pll_fsource)
C:\Users\USER\Desktop\WORKSP~1\RTOS_W~1\0571E2~1.TAS\erika\lib\libee.a(ee_tc_trapvec.c.o)
                              C:\Users\USER\Desktop\WORKSP~1\RTOS_W~1\0571E2~1.TAS\erika\lib\libee.a(ee_tc_cstart.c.o) (__TRAPTAB)
C:\Users\USER\Desktop\WORKSP~1\RTOS_W~1\0571E2~1.TAS\erika\lib\libee.a(ee_tc_intvec.c.o)
                              C:\Users\USER\Desktop\WORKSP~1\RTOS_W~1\0571E2~1.TAS\erika\lib\libee.a(ee_tc_cstart.c.o) (__INTTAB0)
C:\Users\USER\Desktop\WORKSP~1\RTOS_W~1\0571E2~1.TAS\erika\lib\libee.a(ee_oo_api_osek.c.o)
                              obj/bsw.c.o (EnableAllInterrupts)
C:\Users\USER\Desktop\WORKSP~1\RTOS_W~1\0571E2~1.TAS\erika\lib\libee.a(ee_oo_sched_entry_points.c.o)
                              obj/ee_applcfg.c.o (osEE_idle_hook_wrapper)
C:\Users\USER\Desktop\WORKSP~1\RTOS_W~1\0571E2~1.TAS\erika\lib\libee.a(ee_oo_scheduler.c.o)
                              C:\Users\USER\Desktop\WORKSP~1\RTOS_W~1\0571E2~1.TAS\erika\lib\libee.a(ee_oo_api_osek.c.o) (osEE_scheduler_core_pop_running)
C:\Users\USER\Desktop\WORKSP~1\RTOS_W~1\0571E2~1.TAS\erika\lib\libee.a(ee_oo_kernel.c.o)
                              C:\Users\USER\Desktop\WORKSP~1\RTOS_W~1\0571E2~1.TAS\erika\lib\libee.a(ee_oo_api_osek.c.o) (osEE_task_activated)
C:\Users\USER\Desktop\WORKSP~1\RTOS_W~1\0571E2~1.TAS\erika\lib\libee.a(ee_oo_sched_partitioned.c.o)
                              C:\Users\USER\Desktop\WORKSP~1\RTOS_W~1\0571E2~1.TAS\erika\lib\libee.a(ee_oo_api_osek.c.o) (osEE_scheduler_task_activated)
C:\Users\USER\Desktop\WORKSP~1\RTOS_W~1\0571E2~1.TAS\erika\lib\libee.a(ee_std_change_context.c.o)
                              C:\Users\USER\Desktop\WORKSP~1\RTOS_W~1\0571E2~1.TAS\erika\lib\libee.a(ee_oo_api_osek.c.o) (osEE_change_context_from_running)
C:\Users\USER\Desktop\WORKSP~1\RTOS_W~1\0571E2~1.TAS\erika\lib\libee.a(ee_tc_hal.c.o)
                              C:\Users\USER\Desktop\WORKSP~1\RTOS_W~1\0571E2~1.TAS\erika\lib\libee.a(ee_oo_api_osek.c.o) (osEE_cpu_startos)
C:\Users\USER\Desktop\WORKSP~1\RTOS_W~1\0571E2~1.TAS\erika\lib\libee.a(ee_tc_ctx.c.o)
                              C:\Users\USER\Desktop\WORKSP~1\RTOS_W~1\0571E2~1.TAS\erika\lib\libee.a(ee_std_change_context.c.o) (osEE_hal_ready2stacked)
c:/hightec/toolchains/tricore/v4.9.3.0-infineon-1.0/bin/../lib/gcc/tricore/4.9.4/tc161\libgcc.a(_lshrdi3.o)
                              obj/illd/src/IfxStm.c.o (__lshrdi3)
c:/hightec/toolchains/tricore/v4.9.3.0-infineon-1.0/bin/../lib/gcc/tricore/4.9.4/tc161\libgcc.a(_floatundisf.o)
                              obj/bsw.c.o (__floatundisf)
c:/hightec/toolchains/tricore/v4.9.3.0-infineon-1.0/bin/../lib/gcc/tricore/4.9.4/tc161\libgcc.a(_sf_to_df.o)
                              obj/illd/Libraries/iLLD/TC27D/Tricore/Vadc/std/IfxVadc.c.o (__extendsfdf2)
c:/hightec/toolchains/tricore/v4.9.3.0-infineon-1.0/bin/../lib/gcc/tricore/4.9.4/tc161\libgcc.a(_addsub_df.o)
                              obj/illd/Libraries/iLLD/TC27D/Tricore/Vadc/std/IfxVadc.c.o (__adddf3)
c:/hightec/toolchains/tricore/v4.9.3.0-infineon-1.0/bin/../lib/gcc/tricore/4.9.4/tc161\libgcc.a(_mul_df.o)
                              obj/illd/src/IfxAsclin.c.o (__muldf3)
c:/hightec/toolchains/tricore/v4.9.3.0-infineon-1.0/bin/../lib/gcc/tricore/4.9.4/tc161\libgcc.a(_div_df.o)
                              obj/illd/Libraries/iLLD/TC27D/Tricore/Vadc/std/IfxVadc.c.o (__divdf3)
c:/hightec/toolchains/tricore/v4.9.3.0-infineon-1.0/bin/../lib/gcc/tricore/4.9.4/tc161\libgcc.a(_si_to_df.o)
                              obj/illd/src/IfxScuCcu.c.o (__floatsidf)
c:/hightec/toolchains/tricore/v4.9.3.0-infineon-1.0/bin/../lib/gcc/tricore/4.9.4/tc161\libgcc.a(_make_df.o)
                              c:/hightec/toolchains/tricore/v4.9.3.0-infineon-1.0/bin/../lib/gcc/tricore/4.9.4/tc161\libgcc.a(_sf_to_df.o) (__make_dp)
c:/hightec/toolchains/tricore/v4.9.3.0-infineon-1.0/bin/../lib/gcc/tricore/4.9.4/tc161\libgcc.a(_df_to_sf.o)
                              obj/illd/Libraries/iLLD/TC27D/Tricore/Vadc/std/IfxVadc.c.o (__truncdfsf2)
c:/hightec/toolchains/tricore/v4.9.3.0-infineon-1.0/bin/../lib/gcc/tricore/4.9.4/tc161\libgcc.a(_thenan_df.o)
                              c:/hightec/toolchains/tricore/v4.9.3.0-infineon-1.0/bin/../lib/gcc/tricore/4.9.4/tc161\libgcc.a(_addsub_df.o) (__thenan_df)
c:/hightec/toolchains/tricore/v4.9.3.0-infineon-1.0/bin/../lib/gcc/tricore/4.9.4/tc161\libgcc.a(_usi_to_df.o)
                              c:/hightec/toolchains/tricore/v4.9.3.0-infineon-1.0/bin/../lib/gcc/tricore/4.9.4/tc161\libgcc.a(_floatundisf.o) (__floatunsidf)
[...]
Memory Configuration

Name             Origin             Length             Used               Free               Attributes
DMI_DSPR2_local  0x00000000d0000000 0x000000000001e000         0x0000000000000000         0x000000000001e000 w !xpc2
DMI_DSPR2        0x0000000050000000 0x000000000001e000         0x000000000001dc00         0x0000000000000400 w !xpc2
PMI_PSPR2        0x0000000050100000 0x0000000000006000         0x0000000000000000         0x0000000000006000 xw !pc2
DMI_DSPR1_local  0x00000000d0000000 0x000000000001e000         0x0000000000000000         0x000000000001e000 w !xpc1
DMI_DSPR1        0x0000000060000000 0x000000000001e000         0x000000000001dc00         0x0000000000000400 w !xpc1
PMI_PSPR1        0x0000000060100000 0x0000000000006000         0x0000000000000000         0x0000000000006000 xw !pc1
DMI_DSPR0_local  0x00000000d0000000 0x000000000001c000         0x0000000000000000         0x000000000001c000 w !xpc0
DMI_DSPR0        0x0000000070000000 0x000000000001c000         0x000000000001bc00         0x0000000000000400 w !xpc0
PMI_PSPR0        0x0000000070100000 0x0000000000006000         0x0000000000000000         0x0000000000006000 xw !pc0
PMI_PSRAM_local  0x00000000c0000000 0x0000000000006000         0x0000000000000000         0x0000000000006000 xw !p
PMU_PFLASH       0x0000000080000000 0x0000000000400000         0x000000000000e908         0x00000000003f16f8 xr !p
PMU_PFLASH_nc    0x00000000a0000000 0x0000000000400000         0x0000000000000000         0x0000000000400000 xr !p
PMU_DFLASH0      0x00000000af000000 0x0000000000104000         0x0000000000000000         0x0000000000104000 r !xp
PMU_DFLASH1      0x00000000af110000 0x0000000000010000         0x0000000000000000         0x0000000000010000 r !xp
LMU_SRAM         0x0000000090000000 0x0000000000008000         0x0000000000000000         0x0000000000008000 w !xp
LMU_SRAM_nc      0x00000000b0000000 0x0000000000008000         0x0000000000000000         0x0000000000008000 w !xp
EDMEM            0x000000009f000000 0x0000000000100000         0x0000000000000000         0x0000000000100000 w !xp
EDMEM_nc         0x00000000bf000000 0x0000000000100000         0x0000000000000000         0x0000000000100000 w !xp
BROM             0x000000008fff8000 0x0000000000008000         0x0000000000000000         0x0000000000008000 xr !p
*default*        0x0000000000000000 0xffffffffffffffff         0x0000000000000000         0xffffffffffffffff

List of aliases

DMI_DSPR0       : GLOBAL_RAM

Memory region maps:

CORE     Local Region   Global Region
CPU0     0xd0000000     0x70000000
CPU1     0xd0000000     0x60000000
CPU2     0xd0000000     0x50000000


Linker script and memory map

LOAD obj/asw.c.o
LOAD obj/bsw.c.o
LOAD obj/ee_applcfg.c.o
LOAD obj/illd/Libraries/iLLD/TC27D/Tricore/Vadc/std/IfxVadc.c.o
LOAD obj/illd/Libraries/iLLD/TC27D/Tricore/_Impl/IfxVadc_cfg.c.o
LOAD obj/illd/src/Bsp.c.o
LOAD obj/illd/src/CompilerGnuc.c.o
LOAD obj/illd/src/IfxAsclin.c.o
LOAD obj/illd/src/IfxAsclin_Asc.c.o
LOAD obj/illd/src/IfxAsclin_PinMap.c.o
LOAD obj/illd/src/IfxAsclin_cfg.c.o
LOAD obj/illd/src/IfxCpu.c.o
LOAD obj/illd/src/IfxCpu_Irq.c.o
LOAD obj/illd/src/IfxCpu_cfg.c.o
LOAD obj/illd/src/IfxPort.c.o
LOAD obj/illd/src/IfxPort_cfg.c.o
LOAD obj/illd/src/IfxScuCcu.c.o
LOAD obj/illd/src/IfxScuEru.c.o
LOAD obj/illd/src/IfxScuWdt.c.o
LOAD obj/illd/src/IfxScu_PinMap.c.o
LOAD obj/illd/src/IfxScu_cfg.c.o
LOAD obj/illd/src/IfxSrc.c.o
LOAD obj/illd/src/IfxSrc_cfg.c.o
LOAD obj/illd/src/IfxStdIf_DPipe.c.o
LOAD obj/illd/src/IfxStm.c.o
LOAD obj/illd/src/IfxStm_cfg.c.o
LOAD obj/illd/src/IfxVadc_Adc.c.o
LOAD obj/illd/src/Ifx_CircularBuffer.c.o
LOAD obj/illd/src/Ifx_Fifo.c.o
START GROUP
LOAD C:\Users\USER\Desktop\WORKSP~1\RTOS_W~1\0571E2~1.TAS\erika\lib\libee.a
END GROUP
LOAD c:/hightec/toolchains/tricore/v4.9.3.0-infineon-1.0/bin/../lib/gcc/tricore/4.9.4/tc161\libgcc.a
LOAD c:/hightec/toolchains/tricore/v4.9.3.0-infineon-1.0/bin/../lib/gcc/tricore/4.9.4/../../../../tricore/lib/tc161\libc.a
LOAD c:/hightec/toolchains/tricore/v4.9.3.0-infineon-1.0/bin/../lib/gcc/tricore/4.9.4/../../../../tricore/lib/tc161\libos.a
LOAD c:/hightec/toolchains/tricore/v4.9.3.0-infineon-1.0/bin/../lib/gcc/tricore/4.9.4/../../../../tricore/lib/tc161\libm.a
LOAD c:/hightec/toolchains/tricore/v4.9.3.0-infineon-1.0/bin/../lib/gcc/tricore/4.9.4/../../../../tricore/lib/tc161\libc.a
LOAD c:/hightec/toolchains/tricore/v4.9.3.0-infineon-1.0/bin/../lib/gcc/tricore/4.9.4/tc161\libgcc.a
                0x0000000000002700                __TRICORE_DERIVATE_MEMORY_MAP__ = 0x2700
                [0x0000000000002000]                __CSA_SIZE = DEFINED (__CSA_SIZE)?__CSA_SIZE:0x2000
                [0x0000000000000400]                __ISTACK_SIZE = DEFINED (__ISTACK_SIZE)?__ISTACK_SIZE:0x400
                [0x0000000000001000]                __USTACK_SIZE = DEFINED (__USTACK_SIZE)?__USTACK_SIZE:0x1000
                [0x0000000000000000]                __HEAP_SIZE = DEFINED (__HEAP_SIZE)?__HEAP_SIZE:0x0
                [0x0000000000002000]                __CSA0_SIZE = DEFINED (__CSA0_SIZE)?__CSA0_SIZE:__CSA_SIZE
                [0x0000000000000400]                __ISTACK0_SIZE = DEFINED (__ISTACK0_SIZE)?__ISTACK0_SIZE:__ISTACK_SIZE
                [0x0000000000001000]                __USTACK0_SIZE = DEFINED (__USTACK0_SIZE)?__USTACK0_SIZE:__USTACK_SIZE
                [0x0000000000002000]                __CSA1_SIZE = DEFINED (__CSA1_SIZE)?__CSA1_SIZE:__CSA_SIZE
                [0x0000000000000400]                __ISTACK1_SIZE = DEFINED (__ISTACK1_SIZE)?__ISTACK1_SIZE:__ISTACK_SIZE
                [0x0000000000001000]                __USTACK1_SIZE = DEFINED (__USTACK1_SIZE)?__USTACK1_SIZE:__USTACK_SIZE
                [0x0000000000002000]                __CSA2_SIZE = DEFINED (__CSA2_SIZE)?__CSA2_SIZE:__CSA_SIZE
                [0x0000000000000400]                __ISTACK2_SIZE = DEFINED (__ISTACK2_SIZE)?__ISTACK2_SIZE:__ISTACK_SIZE
                [0x0000000000001000]                __USTACK2_SIZE = DEFINED (__USTACK2_SIZE)?__USTACK2_SIZE:__USTACK_SIZE
                0x0000000050000000                __DSPR2_START = 0x50000000
                0x0000000060000000                __DSPR1_START = 0x60000000
                0x0000000070000000                __DSPR0_START = 0x70000000
                0x000000000001e000                __DSPR2_SIZE = 0x1e000
                0x000000000001e000                __DSPR1_SIZE = 0x1e000
                0x000000000001c000                __DSPR0_SIZE = 0x1c000
                0x0000000000019c00                __CSA0_OFFSET = ((__DSPR0_SIZE - 0x400) - __CSA0_SIZE)
                0x0000000000019700                __ISTACK0_OFFSET = ((__CSA0_OFFSET - 0x100) - __ISTACK0_SIZE)
                0x0000000000018600                __USTACK0_OFFSET = ((__ISTACK0_OFFSET - 0x100) - __USTACK0_SIZE)
                0x000000000001bc00                __CSA1_OFFSET = ((__DSPR1_SIZE - 0x400) - __CSA1_SIZE)
                0x000000000001b700                __ISTACK1_OFFSET = ((__CSA1_OFFSET - 0x100) - __ISTACK1_SIZE)
                0x000000000001a600                __USTACK1_OFFSET = ((__ISTACK1_OFFSET - 0x100) - __USTACK1_SIZE)
                0x000000000001bc00                __CSA2_OFFSET = ((__DSPR2_SIZE - 0x400) - __CSA2_SIZE)
                0x000000000001b700                __ISTACK2_OFFSET = ((__CSA2_OFFSET - 0x100) - __ISTACK2_SIZE)
                0x000000000001a600                __USTACK2_OFFSET = ((__ISTACK2_OFFSET - 0x100) - __USTACK2_SIZE)

.bmhd0          memory region -> PMU_PFLASH
                0x0000000080000000        0x0
                0x0000000080000000                BootModeHeader0 = .
 *(.bmhd0)

.bmhd1          memory region -> PMU_PFLASH
                0x0000000080020000        0x0
                0x0000000080020000                BootModeHeader1 = .
 *(.bmhd1)

.startup        memory region -> PMU_PFLASH
                0x0000000080000020        0x6
                0x0000000080000020                BootModeIndex = .
 *(.startup)
 .startup       0x0000000080000020        0x6 C:\Users\USER\Desktop\WORKSP~1\RTOS_W~1\0571E2~1.TAS\erika\lib\libee.a(ee_tc_cstart.c.o)
                0x0000000080000020                _start

.zrodata
 *(.zrodata)
 *(.zrodata.*)

.sdata2         memory region -> PMU_PFLASH
                0x0000000080000026        0x0
 *(.srodata)
 *(.srodata.*)
                0x0000000080008000                _SMALL_DATA2_ = SIZEOF (.sdata2)?(ADDR (.sdata2) + 0x8000):((ADDR (.sdata2) & 0xf0000000) + 0x8000)
                0x0000000080008000                __A1_MEM = _SMALL_DATA2_

.rodata         memory region -> PMU_PFLASH
                0x0000000080000028     0x1100
 *(.rodata)
 .rodata        0x0000000080000028       0x76 obj/asw.c.o
 *fill*         0x000000008000009e        0x2 00
 .rodata        0x00000000800000a0       0x98 obj/bsw.c.o
 .rodata        0x0000000080000138      0x12c obj/ee_applcfg.c.o
                0x0000000080000138                osEE_kdb_var
                0x000000008000014c                osEE_cdb_var
 .rodata        0x0000000080000264        0x6 obj/illd/Libraries/iLLD/TC27D/Tricore/Vadc/std/IfxVadc.c.o
 *fill*         0x000000008000026a        0x2 00
 .rodata        0x000000008000026c       0xa0 obj/illd/Libraries/iLLD/TC27D/Tricore/_Impl/IfxVadc_cfg.c.o
                0x000000008000026c                IfxVadc_cfg_srcAddresses
 .rodata        0x000000008000030c      0x6b0 obj/illd/src/IfxAsclin_PinMap.c.o
                0x000000008000030c                IfxAsclin3_TX_P32_3_OUT
                0x000000008000031c                IfxAsclin3_TX_P32_2_OUT
                0x000000008000032c                IfxAsclin3_TX_P22_1_OUT
                0x000000008000033c                IfxAsclin3_TX_P22_0_OUT
                0x000000008000034c                IfxAsclin3_TX_P21_7_OUT
                0x000000008000035c                IfxAsclin3_TX_P20_3_OUT
                0x000000008000036c                IfxAsclin3_TX_P20_0_OUT
                0x000000008000037c                IfxAsclin3_TX_P15_7_OUT
                0x000000008000038c                IfxAsclin3_TX_P15_6_OUT
                0x000000008000039c                IfxAsclin3_TX_P11_1_OUT
                0x00000000800003ac                IfxAsclin3_TX_P11_0_OUT
                0x00000000800003bc                IfxAsclin3_TX_P00_1_OUT
                0x00000000800003cc                IfxAsclin3_TX_P00_0_OUT
                0x00000000800003dc                IfxAsclin2_TX_P33_9_OUT
                0x00000000800003ec                IfxAsclin2_TX_P33_8_OUT
                0x00000000800003fc                IfxAsclin2_TX_P32_5_OUT
                0x000000008000040c                IfxAsclin2_TX_P14_3_OUT
                0x000000008000041c                IfxAsclin2_TX_P14_2_OUT
                0x000000008000042c                IfxAsclin2_TX_P10_5_OUT
                0x000000008000043c                IfxAsclin2_TX_P02_9_OUT
                0x000000008000044c                IfxAsclin2_TX_P02_0_OUT
                0x000000008000045c                IfxAsclin1_TX_P33_13_OUT
                0x000000008000046c                IfxAsclin1_TX_P33_12_OUT
                0x000000008000047c                IfxAsclin1_TX_P20_10_OUT
                0x000000008000048c                IfxAsclin1_TX_P15_5_OUT
                0x000000008000049c                IfxAsclin1_TX_P15_4_OUT
                0x00000000800004ac                IfxAsclin1_TX_P15_1_OUT
                0x00000000800004bc                IfxAsclin1_TX_P15_0_OUT
                0x00000000800004cc                IfxAsclin1_TX_P14_10_OUT
                0x00000000800004dc                IfxAsclin1_TX_P11_12_OUT
                0x00000000800004ec                IfxAsclin1_TX_P02_2_OUT
                0x00000000800004fc                IfxAsclin0_TX_P34_1_OUT
                0x000000008000050c                IfxAsclin0_TX_P15_3_OUT
                0x000000008000051c                IfxAsclin0_TX_P15_2_OUT
                0x000000008000052c                IfxAsclin0_TX_P14_1_OUT
                0x000000008000053c                IfxAsclin0_TX_P14_0_OUT
                0x000000008000054c                IfxAsclin3_SLSO_P33_1_OUT
                0x000000008000055c                IfxAsclin3_SLSO_P21_6_OUT
                0x000000008000056c                IfxAsclin3_SLSO_P21_2_OUT
                0x000000008000057c                IfxAsclin3_SLSO_P14_3_OUT
                0x000000008000058c                IfxAsclin3_SLSO_P12_1_OUT
                0x000000008000059c                IfxAsclin3_SLSO_P00_3_OUT
                0x00000000800005ac                IfxAsclin2_SLSO_P33_6_OUT
                0x00000000800005bc                IfxAsclin2_SLSO_P10_5_OUT
                0x00000000800005cc                IfxAsclin2_SLSO_P02_3_OUT
                0x00000000800005dc                IfxAsclin1_SLSO_P33_10_OUT
                0x00000000800005ec                IfxAsclin1_SLSO_P20_8_OUT
                0x00000000800005fc                IfxAsclin1_SLSO_P14_3_OUT
                0x000000008000060c                IfxAsclin3_SCLK_P33_2_OUT
                0x000000008000061c                IfxAsclin3_SCLK_P32_3_OUT
                0x000000008000062c                IfxAsclin3_SCLK_P21_7_OUT
                0x000000008000063c                IfxAsclin3_SCLK_P21_5_OUT
                0x000000008000064c                IfxAsclin3_SCLK_P20_0_OUT
                0x000000008000065c                IfxAsclin3_SCLK_P15_8_OUT
                0x000000008000066c                IfxAsclin3_SCLK_P15_6_OUT
                0x000000008000067c                IfxAsclin3_SCLK_P11_4_OUT
                0x000000008000068c                IfxAsclin3_SCLK_P11_1_OUT
                0x000000008000069c                IfxAsclin3_SCLK_P00_2_OUT
                0x00000000800006ac                IfxAsclin3_SCLK_P00_0_OUT
                0x00000000800006bc                IfxAsclin2_SCLK_P33_9_OUT
                0x00000000800006cc                IfxAsclin2_SCLK_P33_7_OUT
                0x00000000800006dc                IfxAsclin2_SCLK_P14_2_OUT
                0x00000000800006ec                IfxAsclin2_SCLK_P10_6_OUT
                0x00000000800006fc                IfxAsclin2_SCLK_P02_4_OUT
                0x000000008000070c                IfxAsclin1_SCLK_P33_12_OUT
                0x000000008000071c                IfxAsclin1_SCLK_P33_11_OUT
                0x000000008000072c                IfxAsclin1_SCLK_P20_10_OUT
                0x000000008000073c                IfxAsclin1_SCLK_P15_0_OUT
                0x000000008000074c                IfxAsclin0_SCLK_P15_2_OUT
                0x000000008000075c                IfxAsclin0_SCLK_P14_0_OUT
                0x000000008000076c                IfxAsclin3_RXG_P21_3_IN
                0x000000008000077c                IfxAsclin3_RXG_P21_2_IN
                0x000000008000078c                IfxAsclin3_RXF_P21_6_IN
                0x000000008000079c                IfxAsclin3_RXE_P00_1_IN
                0x00000000800007ac                IfxAsclin3_RXD_P32_2_IN
                0x00000000800007bc                IfxAsclin3_RXC_P20_3_IN
                0x00000000800007cc                IfxAsclin3_RXB_P11_0_IN
                0x00000000800007dc                IfxAsclin3_RXA_P15_7_IN
                0x00000000800007ec                IfxAsclin2_RXG_P02_0_IN
                0x00000000800007fc                IfxAsclin2_RXF_P32_6_IN
                0x000000008000080c                IfxAsclin2_RXE_P33_8_IN
                0x000000008000081c                IfxAsclin2_RXD_P10_6_IN
                0x000000008000082c                IfxAsclin2_RXC_P02_10_IN
                0x000000008000083c                IfxAsclin2_RXB_P02_1_IN
                0x000000008000084c                IfxAsclin2_RXA_P14_3_IN
                0x000000008000085c                IfxAsclin1_RXG_P02_3_IN
                0x000000008000086c                IfxAsclin1_RXF_P33_13_IN
                0x000000008000087c                IfxAsclin1_RXE_P11_10_IN
                0x000000008000088c                IfxAsclin1_RXD_P14_8_IN
                0x000000008000089c                IfxAsclin1_RXC_P20_9_IN
                0x00000000800008ac                IfxAsclin1_RXB_P15_5_IN
                0x00000000800008bc                IfxAsclin1_RXA_P15_1_IN
                0x00000000800008cc                IfxAsclin0_RXD_P34_2_IN
                0x00000000800008dc                IfxAsclin0_RXB_P15_3_IN
                0x00000000800008ec                IfxAsclin0_RXA_P14_1_IN
                0x00000000800008fc                IfxAsclin3_RTS_P00_9_OUT
                0x000000008000090c                IfxAsclin2_RTS_P33_4_OUT
                0x000000008000091c                IfxAsclin2_RTS_P10_8_OUT
                0x000000008000092c                IfxAsclin1_RTS_P23_1_OUT
                0x000000008000093c                IfxAsclin1_RTS_P20_6_OUT
                0x000000008000094c                IfxAsclin0_RTS_P14_7_OUT
                0x000000008000095c                IfxAsclin3_CTSA_P00_12_IN
                0x000000008000096c                IfxAsclin2_CTSB_P33_5_IN
                0x000000008000097c                IfxAsclin2_CTSA_P10_7_IN
                0x000000008000098c                IfxAsclin1_CTSB_P32_4_IN
                0x000000008000099c                IfxAsclin1_CTSA_P20_7_IN
                0x00000000800009ac                IfxAsclin0_CTSA_P14_9_IN
 .rodata        0x00000000800009bc       0x20 obj/illd/src/IfxAsclin_cfg.c.o
                0x00000000800009bc                IfxAsclin_cfg_indexMap
 .rodata        0x00000000800009dc      0x100 obj/illd/src/IfxPort_cfg.c.o
                0x00000000800009dc                IfxPort_cfg_indexMap
                0x0000000080000a5c                IfxPort_cfg_esrMasks
 .rodata        0x0000000080000adc       0x80 obj/illd/src/IfxScuCcu.c.o
                0x0000000080000adc                IfxScuCcu_defaultErayPllConfig
                0x0000000080000ae4                IfxScuCcu_defaultClockConfig
 .rodata        0x0000000080000b5c      0x278 obj/illd/src/IfxScu_PinMap.c.o
                0x0000000080000b5c                IfxScu_WDTSLCK_P20_9_OUT
                0x0000000080000b6c                IfxScu_WDT2LCK_P20_6_OUT
                0x0000000080000b7c                IfxScu_WDT1LCK_P20_7_OUT
                0x0000000080000b8c                IfxScu_WDT0LCK_P20_8_OUT
                0x0000000080000b9c                IfxScu_REQ9_P20_0_IN
                0x0000000080000bb0                IfxScu_REQ8_P33_7_IN
                0x0000000080000bc4                IfxScu_REQ7_P00_4_IN
                0x0000000080000bd8                IfxScu_REQ6_P02_0_IN
                0x0000000080000bec                IfxScu_REQ5_P10_8_IN
                0x0000000080000c00                IfxScu_REQ4_P10_7_IN
                0x0000000080000c14                IfxScu_REQ3_P10_3_IN
                0x0000000080000c28                IfxScu_REQ2_P10_2_IN
                0x0000000080000c3c                IfxScu_REQ1_P15_8_IN
                0x0000000080000c50                IfxScu_REQ16_P15_1_IN
                0x0000000080000c64                IfxScu_REQ15_P14_1_IN
                0x0000000080000c78                IfxScu_REQ14_P02_1_IN
                0x0000000080000c8c                IfxScu_REQ13_P15_5_IN
                0x0000000080000ca0                IfxScu_REQ12_P11_10_IN
                0x0000000080000cb4                IfxScu_REQ11_P20_9_IN
                0x0000000080000cc8                IfxScu_REQ10_P14_3_IN
                0x0000000080000cdc                IfxScu_REQ0_P15_4_IN
                0x0000000080000cf0                IfxScu_HWCFG6_P14_4_IN
                0x0000000080000cfc                IfxScu_HWCFG5_P10_6_IN
                0x0000000080000d08                IfxScu_HWCFG4_P10_5_IN
                0x0000000080000d14                IfxScu_HWCFG3_BMI_P14_3_IN
                0x0000000080000d20                IfxScu_HWCFG2EVR13_P14_2_IN
                0x0000000080000d2c                IfxScu_HWCFG1EVR33_P14_5_IN
                0x0000000080000d38                IfxScu_HWCFG0DCLDO_P14_6_IN
                0x0000000080000d44                IfxScu_EXTCLK1_P32_4_OUT
                0x0000000080000d54                IfxScu_EXTCLK1_P11_12_OUT
                0x0000000080000d64                IfxScu_EXTCLK0_P23_1_OUT
                0x0000000080000d74                IfxScu_EVRWUPB_P15_1_IN
                0x0000000080000d84                IfxScu_EVRWUPA_P14_1_IN
                0x0000000080000d94                IfxScu_EMGSTOPB_P21_2_IN
                0x0000000080000da4                IfxScu_EMGSTOPA_P33_8_IN
                0x0000000080000db4                IfxScu_DCDCSYNC_P33_13_OUT
                0x0000000080000dc4                IfxScu_DCDCSYNC_P32_2_OUT
 .rodata        0x0000000080000dd4       0x40 obj/illd/src/IfxVadc_Adc.c.o
 .rodata        0x0000000080000e14       0x14 c:/hightec/toolchains/tricore/v4.9.3.0-infineon-1.0/bin/../lib/gcc/tricore/4.9.4/tc161\libgcc.a(_thenan_df.o)
                0x0000000080000e14                __thenan_df
 .rodata        0x0000000080000e28        0x8 c:/hightec/toolchains/tricore/v4.9.3.0-infineon-1.0/bin/../lib/gcc/tricore/4.9.4/../../../../tricore/lib/tc161\libc.a(lib_a-impure.o)
                0x0000000080000e28                _global_impure_ptr
 .rodata        0x0000000080000e30       0x54 c:/hightec/toolchains/tricore/v4.9.3.0-infineon-1.0/bin/../lib/gcc/tricore/4.9.4/../../../../tricore/lib/tc161\libc.a(lib_a-svfprintf.o)
 .rodata        0x0000000080000e84        0xf c:/hightec/toolchains/tricore/v4.9.3.0-infineon-1.0/bin/../lib/gcc/tricore/4.9.4/../../../../tricore/lib/tc161\libc.a(lib_a-dtoa.o)
 *fill*         0x0000000080000e93        0x1 00
 .rodata        0x0000000080000e94       0x44 c:/hightec/toolchains/tricore/v4.9.3.0-infineon-1.0/bin/../lib/gcc/tricore/4.9.4/../../../../tricore/lib/tc161\libc.a(lib_a-locale.o)
 .rodata        0x0000000080000ed8      0x124 c:/hightec/toolchains/tricore/v4.9.3.0-infineon-1.0/bin/../lib/gcc/tricore/4.9.4/../../../../tricore/lib/tc161\libc.a(lib_a-mprec.o)
                0x0000000080000ee4                __mprec_tinytens
                0x0000000080000f0c                __mprec_bigtens
                0x0000000080000f34                __mprec_tens
 *(.rodata.*)
 *(.gnu.linkonce.r.*)
                0x0000000080000ffc                . = ALIGN (0x4)
                0x0000000080000ffc                PROVIDE (__clear_table, .)
                0x0000000080000ffc        0x4 LONG 0x50000000 (0x0 + ADDR (.CPU2.zbss))
                0x0000000080001000        0x4 LONG 0x0 SIZEOF (.CPU2.zbss)
                0x0000000080001004        0x4 LONG 0x50000000 (0x0 + ADDR (.CPU2.bss))
                0x0000000080001008        0x4 LONG 0x0 SIZEOF (.CPU2.bss)
                0x000000008000100c        0x4 LONG 0x60000000 (0x0 + ADDR (.CPU1.zbss))
                0x0000000080001010        0x4 LONG 0x0 SIZEOF (.CPU1.zbss)
                0x0000000080001014        0x4 LONG 0x60000000 (0x0 + ADDR (.CPU1.bss))
                0x0000000080001018        0x4 LONG 0x0 SIZEOF (.CPU1.bss)
                0x000000008000101c        0x4 LONG 0x70000c50 (0x0 + ADDR (.CPU0.zbss))
                0x0000000080001020        0x4 LONG 0x0 SIZEOF (.CPU0.zbss)
                0x0000000080001024        0x4 LONG 0x70000c50 (0x0 + ADDR (.CPU0.bss))
                0x0000000080001028        0x4 LONG 0x0 SIZEOF (.CPU0.bss)
                0x000000008000102c        0x4 LONG 0x70000000 (0x0 + ADDR (.zbss))
                0x0000000080001030        0x4 LONG 0x0 SIZEOF (.zbss)
                0x0000000080001034        0x4 LONG 0x70000000 (0x0 + ADDR (.sbss))
                0x0000000080001038        0x4 LONG 0x0 SIZEOF (.sbss)
                0x000000008000103c        0x4 LONG 0x70000930 (0x0 + ADDR (.bss))
                0x0000000080001040        0x4 LONG 0x320 SIZEOF (.bss)
                0x0000000080001044        0x4 LONG 0xb0000000 (0x0 + ADDR (.lmu_zbss))
                0x0000000080001048        0x4 LONG 0x0 SIZEOF (.lmu_zbss)
                0x000000008000104c        0x4 LONG 0xb0000000 (0x0 + ADDR (.lmu_sbss))
                0x0000000080001050        0x4 LONG 0x0 SIZEOF (.lmu_sbss)
                0x0000000080001054        0x4 LONG 0xb0000000 (0x0 + ADDR (.lmu_bss))
                0x0000000080001058        0x4 LONG 0x0 SIZEOF (.lmu_bss)
                0x000000008000105c        0x4 LONG 0xffffffffffffffff
                0x0000000080001060        0x4 LONG 0xffffffffffffffff
                0x0000000080001064                PROVIDE (__copy_table, .)
                0x0000000080001064        0x4 LONG 0x8000e908 LOADADDR (.CPU2.zdata)
                0x0000000080001068        0x4 LONG 0x50000000 ADDR (.CPU2.zdata)
                0x000000008000106c        0x4 LONG 0x0 SIZEOF (.CPU2.zdata)
                0x0000000080001070        0x4 LONG 0x8000e908 LOADADDR (.CPU2.data)
                0x0000000080001074        0x4 LONG 0x50000000 ADDR (.CPU2.data)
                0x0000000080001078        0x4 LONG 0x0 SIZEOF (.CPU2.data)
                0x000000008000107c        0x4 LONG 0x8000e908 LOADADDR (.CPU1.zdata)
                0x0000000080001080        0x4 LONG 0x60000000 ADDR (.CPU1.zdata)
                0x0000000080001084        0x4 LONG 0x0 SIZEOF (.CPU1.zdata)
                0x0000000080001088        0x4 LONG 0x8000e908 LOADADDR (.CPU1.data)
                0x000000008000108c        0x4 LONG 0x60000000 ADDR (.CPU1.data)
                0x0000000080001090        0x4 LONG 0x0 SIZEOF (.CPU1.data)
                0x0000000080001094        0x4 LONG 0x8000e908 LOADADDR (.CPU0.zdata)
                0x0000000080001098        0x4 LONG 0x70000c50 ADDR (.CPU0.zdata)
                0x000000008000109c        0x4 LONG 0x0 SIZEOF (.CPU0.zdata)
                0x00000000800010a0        0x4 LONG 0x8000e908 LOADADDR (.CPU0.data)
                0x00000000800010a4        0x4 LONG 0x70000c50 ADDR (.CPU0.data)
                0x00000000800010a8        0x4 LONG 0x0 SIZEOF (.CPU0.data)
                0x00000000800010ac        0x4 LONG 0x8000dfd8 LOADADDR (.zdata)
                0x00000000800010b0        0x4 LONG 0x70000000 ADDR (.zdata)
                0x00000000800010b4        0x4 LONG 0x0 SIZEOF (.zdata)
                0x00000000800010b8        0x4 LONG 0x8000dfd8 LOADADDR (.sdata)
                0x00000000800010bc        0x4 LONG 0x70000000 ADDR (.sdata)
                0x00000000800010c0        0x4 LONG 0x0 SIZEOF (.sdata)
                0x00000000800010c4        0x4 LONG 0x8000dfd8 LOADADDR (.data)
                0x00000000800010c8        0x4 LONG 0x70000000 ADDR (.data)
                0x00000000800010cc        0x4 LONG 0x930 SIZEOF (.data)
                0x00000000800010d0        0x4 LONG 0x8000e908 LOADADDR (.lmu_zdata)
                0x00000000800010d4        0x4 LONG 0xb0000000 ADDR (.lmu_zdata)
                0x00000000800010d8        0x4 LONG 0x0 SIZEOF (.lmu_zdata)
                0x00000000800010dc        0x4 LONG 0x8000e908 LOADADDR (.lmu_sdata)
                0x00000000800010e0        0x4 LONG 0xb0000000 ADDR (.lmu_sdata)
                0x00000000800010e4        0x4 LONG 0x0 SIZEOF (.lmu_sdata)
                0x00000000800010e8        0x4 LONG 0x8000e908 LOADADDR (.lmu_data)
                0x00000000800010ec        0x4 LONG 0xb0000000 ADDR (.lmu_data)
                0x00000000800010f0        0x4 LONG 0x0 SIZEOF (.lmu_data)
                0x00000000800010f4        0x4 LONG 0x8000e908 LOADADDR (.CPU0.psram_text)
                0x00000000800010f8        0x4 LONG 0x70100000 ADDR (.CPU0.psram_text)
                0x00000000800010fc        0x4 LONG 0x0 SIZEOF (.CPU0.psram_text)
                0x0000000080001100        0x4 LONG 0x8000e908 LOADADDR (.CPU1.psram_text)
                0x0000000080001104        0x4 LONG 0x60100000 ADDR (.CPU1.psram_text)
                0x0000000080001108        0x4 LONG 0x0 SIZEOF (.CPU1.psram_text)
                0x000000008000110c        0x4 LONG 0x8000e908 LOADADDR (.CPU2.psram_text)
                0x0000000080001110        0x4 LONG 0x50100000 ADDR (.CPU2.psram_text)
                0x0000000080001114        0x4 LONG 0x0 SIZEOF (.CPU2.psram_text)
                0x0000000080001118        0x4 LONG 0xffffffffffffffff
                0x000000008000111c        0x4 LONG 0xffffffffffffffff
                0x0000000080001120        0x4 LONG 0xffffffffffffffff
                0x0000000080001128                . = ALIGN (0x8)
 *fill*         0x0000000080001124        0x4 00

.traptab        memory region -> PMU_PFLASH
                0x0000000080001200      0x100
 *(.traptab)
 *(.traptab*)
 .traptab_cpu0  0x0000000080001200      0x100 C:\Users\USER\Desktop\WORKSP~1\RTOS_W~1\0571E2~1.TAS\erika\lib\libee.a(ee_tc_trapvec.c.o)
                0x0000000080001200                osEE_tc_trap_mmu
                0x0000000080001200                __TRAPTAB
                0x0000000080001220                osEE_tc_trap_protection
                0x0000000080001240                osEE_tc_trap_instruction
                0x0000000080001260                osEE_tc_trap_context
                0x0000000080001280                osEE_tc_trap_bus
                0x00000000800012a0                osEE_tc_trap_assertion
                0x00000000800012c0                osEE_tc_trap_system
                0x00000000800012e0                osEE_tc_trap_nmi
                0x0000000080001300                . = ALIGN (0x8)

.eh_frame       memory region -> PMU_PFLASH
                0x0000000080001300        0x0
 *(.gcc_except_table)
                0x0000000080001300                __EH_FRAME_BEGIN__ = .
 *(.eh_frame)
                0x0000000080001300                __EH_FRAME_END__ = .
 *(.jcr)
                0x0000000080001300                . = ALIGN (0x8)

.ctors          memory region -> PMU_PFLASH
                0x0000000080001300        0x8
                0x0000000080001300                __CTOR_LIST__ = .
                0x0000000080001300        0x4 LONG 0x0 (((__CTOR_END__ - __CTOR_LIST__) / 0x4) - 0x2)
 *(.ctors)
                0x0000000080001304        0x4 LONG 0x0
                0x0000000080001308                __CTOR_END__ = .
                0x0000000080001308                . = ALIGN (0x8)

.dtors          memory region -> PMU_PFLASH
                0x0000000080001308        0x8
                0x0000000080001308                __DTOR_LIST__ = .
                0x0000000080001308        0x4 LONG 0x0 (((__DTOR_END__ - __DTOR_LIST__) / 0x4) - 0x2)
 *(.dtors)
                0x000000008000130c        0x4 LONG 0x0
                0x0000000080001310                __DTOR_END__ = .
                0x0000000080001310                . = ALIGN (0x8)

.inttab_cpu0    memory region -> PMU_PFLASH
                0x0000000080002000     0x2000
 *(.inttab_cpu0)
 .inttab_cpu0   0x0000000080002000     0x2000 C:\Users\USER\Desktop\WORKSP~1\RTOS_W~1\0571E2~1.TAS\erika\lib\libee.a(ee_tc_intvec.c.o)
                0x0000000080002000                __INTTAB0
                0x0000000080002020                osEE_tc_isr_dummy_entry_1
                0x0000000080002040                osEE_tc_isr2_entry_2
                0x0000000080002060                osEE_tc_isr_dummy_entry_3
                0x0000000080002080                osEE_tc_isr_dummy_entry_4
                0x00000000800020a0                osEE_tc_isr_dummy_entry_5
                0x00000000800020c0                osEE_tc_isr_dummy_entry_6
                0x00000000800020e0                osEE_tc_isr_dummy_entry_7
                0x0000000080002100                osEE_tc_isr_dummy_entry_8
                0x0000000080002120                osEE_tc_isr_dummy_entry_9
                0x0000000080002140                osEE_tc_isr_dummy_entry_10
                0x0000000080002160                osEE_tc_isr_dummy_entry_11
                0x0000000080002180                osEE_tc_isr_dummy_entry_12
                0x00000000800021a0                osEE_tc_isr_dummy_entry_13
                0x00000000800021c0                osEE_tc_isr_dummy_entry_14
                0x00000000800021e0                osEE_tc_isr_dummy_entry_15
                0x0000000080002200                osEE_tc_isr_dummy_entry_16
                0x0000000080002220                osEE_tc_isr_dummy_entry_17
                0x0000000080002240                osEE_tc_isr_dummy_entry_18
                0x0000000080002260                osEE_tc_isr2_entry_19
                0x0000000080002280                osEE_tc_isr_dummy_entry_20
                0x00000000800022a0                osEE_tc_isr_dummy_entry_21
                0x00000000800022c0                osEE_tc_isr_dummy_entry_22
                0x00000000800022e0                osEE_tc_isr_dummy_entry_23
                0x0000000080002300                osEE_tc_isr_dummy_entry_24
                0x0000000080002320                osEE_tc_isr_dummy_entry_25
                0x0000000080002340                osEE_tc_isr_dummy_entry_26
                0x0000000080002360                osEE_tc_isr_dummy_entry_27
                0x0000000080002380                osEE_tc_isr_dummy_entry_28
                0x00000000800023a0                osEE_tc_isr_dummy_entry_29
                0x00000000800023c0                osEE_tc_isr_dummy_entry_30
                0x00000000800023e0                osEE_tc_isr_dummy_entry_31
                0x0000000080002400                osEE_tc_isr_dummy_entry_32
                0x0000000080002420                osEE_tc_isr_dummy_entry_33
                0x0000000080002440                osEE_tc_isr_dummy_entry_34
                0x0000000080002460                osEE_tc_isr_dummy_entry_35
                0x0000000080002480                osEE_tc_isr_dummy_entry_36
                0x00000000800024a0                osEE_tc_isr_dummy_entry_37
                0x00000000800024c0                osEE_tc_isr_dummy_entry_38
                0x00000000800024e0                osEE_tc_isr_dummy_entry_39
                0x0000000080002500                osEE_tc_isr_dummy_entry_40
                0x0000000080002520                osEE_tc_isr_dummy_entry_41
                0x0000000080002540                osEE_tc_isr_dummy_entry_42
                0x0000000080002560                osEE_tc_isr_dummy_entry_43
                0x0000000080002580                osEE_tc_isr_dummy_entry_44
                0x00000000800025a0                osEE_tc_isr_dummy_entry_45
                0x00000000800025c0                osEE_tc_isr_dummy_entry_46
                0x00000000800025e0                osEE_tc_isr_dummy_entry_47
                0x0000000080002600                osEE_tc_isr_dummy_entry_48
                0x0000000080002620                osEE_tc_isr_dummy_entry_49
                0x0000000080002640                osEE_tc_isr_dummy_entry_50
                0x0000000080002660                osEE_tc_isr_dummy_entry_51
                0x0000000080002680                osEE_tc_isr_dummy_entry_52
                0x00000000800026a0                osEE_tc_isr_dummy_entry_53
                0x00000000800026c0                osEE_tc_isr_dummy_entry_54
                0x00000000800026e0                osEE_tc_isr_dummy_entry_55
                0x0000000080002700                osEE_tc_isr_dummy_entry_56
                0x0000000080002720                osEE_tc_isr_dummy_entry_57
                0x0000000080002740                osEE_tc_isr_dummy_entry_58
                0x0000000080002760                osEE_tc_isr_dummy_entry_59
                0x0000000080002780                osEE_tc_isr_dummy_entry_60
                0x00000000800027a0                osEE_tc_isr_dummy_entry_61
                0x00000000800027c0                osEE_tc_isr_dummy_entry_62
                0x00000000800027e0                osEE_tc_isr_dummy_entry_63
                0x0000000080002800                osEE_tc_isr_dummy_entry_64
                0x0000000080002820                osEE_tc_isr_dummy_entry_65
                0x0000000080002840                osEE_tc_isr_dummy_entry_66
                0x0000000080002860                osEE_tc_isr_dummy_entry_67
                0x0000000080002880                osEE_tc_isr_dummy_entry_68
                0x00000000800028a0                osEE_tc_isr_dummy_entry_69
                0x00000000800028c0                osEE_tc_isr_dummy_entry_70
                0x00000000800028e0                osEE_tc_isr_dummy_entry_71
                0x0000000080002900                osEE_tc_isr_dummy_entry_72
                0x0000000080002920                osEE_tc_isr_dummy_entry_73
                0x0000000080002940                osEE_tc_isr_dummy_entry_74
                0x0000000080002960                osEE_tc_isr_dummy_entry_75
                0x0000000080002980                osEE_tc_isr_dummy_entry_76
                0x00000000800029a0                osEE_tc_isr_dummy_entry_77
                0x00000000800029c0                osEE_tc_isr_dummy_entry_78
                0x00000000800029e0                osEE_tc_isr_dummy_entry_79
                0x0000000080002a00                osEE_tc_isr_dummy_entry_80
                0x0000000080002a20                osEE_tc_isr_dummy_entry_81
                0x0000000080002a40                osEE_tc_isr_dummy_entry_82
                0x0000000080002a60                osEE_tc_isr_dummy_entry_83
                0x0000000080002a80                osEE_tc_isr_dummy_entry_84
                0x0000000080002aa0                osEE_tc_isr_dummy_entry_85
                0x0000000080002ac0                osEE_tc_isr_dummy_entry_86
                0x0000000080002ae0                osEE_tc_isr_dummy_entry_87
                0x0000000080002b00                osEE_tc_isr_dummy_entry_88
                0x0000000080002b20                osEE_tc_isr_dummy_entry_89
                0x0000000080002b40                osEE_tc_isr_dummy_entry_90
                0x0000000080002b60                osEE_tc_isr_dummy_entry_91
                0x0000000080002b80                osEE_tc_isr_dummy_entry_92
                0x0000000080002ba0                osEE_tc_isr_dummy_entry_93
                0x0000000080002bc0                osEE_tc_isr_dummy_entry_94
                0x0000000080002be0                osEE_tc_isr_dummy_entry_95
                0x0000000080002c00                osEE_tc_isr_dummy_entry_96
                0x0000000080002c20                osEE_tc_isr_dummy_entry_97
                0x0000000080002c40                osEE_tc_isr_dummy_entry_98
                0x0000000080002c60                osEE_tc_isr_dummy_entry_99
                0x0000000080002c80                osEE_tc_isr_dummy_entry_100
                0x0000000080002ca0                osEE_tc_isr_dummy_entry_101
                0x0000000080002cc0                osEE_tc_isr_dummy_entry_102
                0x0000000080002ce0                osEE_tc_isr_dummy_entry_103
                0x0000000080002d00                osEE_tc_isr_dummy_entry_104
                0x0000000080002d20                osEE_tc_isr_dummy_entry_105
                0x0000000080002d40                osEE_tc_isr_dummy_entry_106
                0x0000000080002d60                osEE_tc_isr_dummy_entry_107
                0x0000000080002d80                osEE_tc_isr_dummy_entry_108
                0x0000000080002da0                osEE_tc_isr_dummy_entry_109
                0x0000000080002dc0                osEE_tc_isr_dummy_entry_110
                0x0000000080002de0                osEE_tc_isr_dummy_entry_111
                0x0000000080002e00                osEE_tc_isr_dummy_entry_112
                0x0000000080002e20                osEE_tc_isr_dummy_entry_113
                0x0000000080002e40                osEE_tc_isr_dummy_entry_114
                0x0000000080002e60                osEE_tc_isr_dummy_entry_115
                0x0000000080002e80                osEE_tc_isr_dummy_entry_116
                0x0000000080002ea0                osEE_tc_isr_dummy_entry_117
                0x0000000080002ec0                osEE_tc_isr_dummy_entry_118
                0x0000000080002ee0                osEE_tc_isr_dummy_entry_119
                0x0000000080002f00                osEE_tc_isr_dummy_entry_120
                0x0000000080002f20                osEE_tc_isr_dummy_entry_121
                0x0000000080002f40                osEE_tc_isr_dummy_entry_122
                0x0000000080002f60                osEE_tc_isr_dummy_entry_123
                0x0000000080002f80                osEE_tc_isr_dummy_entry_124
                0x0000000080002fa0                osEE_tc_isr_dummy_entry_125
                0x0000000080002fc0                osEE_tc_isr_dummy_entry_126
                0x0000000080002fe0                osEE_tc_isr_dummy_entry_127
                0x0000000080003000                osEE_tc_isr_dummy_entry_128
                0x0000000080003020                osEE_tc_isr_dummy_entry_129
                0x0000000080003040                osEE_tc_isr_dummy_entry_130
                0x0000000080003060                osEE_tc_isr_dummy_entry_131
                0x0000000080003080                osEE_tc_isr_dummy_entry_132
                0x00000000800030a0                osEE_tc_isr_dummy_entry_133
                0x00000000800030c0                osEE_tc_isr_dummy_entry_134
                0x00000000800030e0                osEE_tc_isr_dummy_entry_135
                0x0000000080003100                osEE_tc_isr_dummy_entry_136
                0x0000000080003120                osEE_tc_isr_dummy_entry_137
                0x0000000080003140                osEE_tc_isr_dummy_entry_138
                0x0000000080003160                osEE_tc_isr_dummy_entry_139
                0x0000000080003180                osEE_tc_isr_dummy_entry_140
                0x00000000800031a0                osEE_tc_isr_dummy_entry_141
                0x00000000800031c0                osEE_tc_isr_dummy_entry_142
                0x00000000800031e0                osEE_tc_isr_dummy_entry_143
                0x0000000080003200                osEE_tc_isr_dummy_entry_144
                0x0000000080003220                osEE_tc_isr_dummy_entry_145
                0x0000000080003240                osEE_tc_isr_dummy_entry_146
                0x0000000080003260                osEE_tc_isr_dummy_entry_147
                0x0000000080003280                osEE_tc_isr_dummy_entry_148
                0x00000000800032a0                osEE_tc_isr_dummy_entry_149
                0x00000000800032c0                osEE_tc_isr_dummy_entry_150
                0x00000000800032e0                osEE_tc_isr_dummy_entry_151
                0x0000000080003300                osEE_tc_isr_dummy_entry_152
                0x0000000080003320                osEE_tc_isr_dummy_entry_153
                0x0000000080003340                osEE_tc_isr_dummy_entry_154
                0x0000000080003360                osEE_tc_isr_dummy_entry_155
                0x0000000080003380                osEE_tc_isr_dummy_entry_156
                0x00000000800033a0                osEE_tc_isr_dummy_entry_157
                0x00000000800033c0                osEE_tc_isr_dummy_entry_158
                0x00000000800033e0                osEE_tc_isr_dummy_entry_159
                0x0000000080003400                osEE_tc_isr_dummy_entry_160
                0x0000000080003420                osEE_tc_isr_dummy_entry_161
                0x0000000080003440                osEE_tc_isr_dummy_entry_162
                0x0000000080003460                osEE_tc_isr_dummy_entry_163
                0x0000000080003480                osEE_tc_isr_dummy_entry_164
                0x00000000800034a0                osEE_tc_isr_dummy_entry_165
                0x00000000800034c0                osEE_tc_isr_dummy_entry_166
                0x00000000800034e0                osEE_tc_isr_dummy_entry_167
                0x0000000080003500                osEE_tc_isr_dummy_entry_168
                0x0000000080003520                osEE_tc_isr_dummy_entry_169
                0x0000000080003540                osEE_tc_isr_dummy_entry_170
                0x0000000080003560                osEE_tc_isr_dummy_entry_171
                0x0000000080003580                osEE_tc_isr_dummy_entry_172
                0x00000000800035a0                osEE_tc_isr_dummy_entry_173
                0x00000000800035c0                osEE_tc_isr_dummy_entry_174
                0x00000000800035e0                osEE_tc_isr_dummy_entry_175
                0x0000000080003600                osEE_tc_isr_dummy_entry_176
                0x0000000080003620                osEE_tc_isr_dummy_entry_177
                0x0000000080003640                osEE_tc_isr_dummy_entry_178
                0x0000000080003660                osEE_tc_isr_dummy_entry_179
                0x0000000080003680                osEE_tc_isr_dummy_entry_180
                0x00000000800036a0                osEE_tc_isr_dummy_entry_181
                0x00000000800036c0                osEE_tc_isr_dummy_entry_182
                0x00000000800036e0                osEE_tc_isr_dummy_entry_183
                0x0000000080003700                osEE_tc_isr_dummy_entry_184
                0x0000000080003720                osEE_tc_isr_dummy_entry_185
                0x0000000080003740                osEE_tc_isr_dummy_entry_186
                0x0000000080003760                osEE_tc_isr_dummy_entry_187
                0x0000000080003780                osEE_tc_isr_dummy_entry_188
                0x00000000800037a0                osEE_tc_isr_dummy_entry_189
                0x00000000800037c0                osEE_tc_isr_dummy_entry_190
                0x00000000800037e0                osEE_tc_isr_dummy_entry_191
                0x0000000080003800                osEE_tc_isr_dummy_entry_192
                0x0000000080003820                osEE_tc_isr_dummy_entry_193
                0x0000000080003840                osEE_tc_isr_dummy_entry_194
                0x0000000080003860                osEE_tc_isr_dummy_entry_195
                0x0000000080003880                osEE_tc_isr_dummy_entry_196
                0x00000000800038a0                osEE_tc_isr_dummy_entry_197
                0x00000000800038c0                osEE_tc_isr_dummy_entry_198
                0x00000000800038e0                osEE_tc_isr_dummy_entry_199
                0x0000000080003900                osEE_tc_isr_dummy_entry_200
                0x0000000080003920                osEE_tc_isr_dummy_entry_201
                0x0000000080003940                osEE_tc_isr_dummy_entry_202
                0x0000000080003960                osEE_tc_isr_dummy_entry_203
                0x0000000080003980                osEE_tc_isr_dummy_entry_204
                0x00000000800039a0                osEE_tc_isr_dummy_entry_205
                0x00000000800039c0                osEE_tc_isr_dummy_entry_206
                0x00000000800039e0                osEE_tc_isr_dummy_entry_207
                0x0000000080003a00                osEE_tc_isr_dummy_entry_208
                0x0000000080003a20                osEE_tc_isr_dummy_entry_209
                0x0000000080003a40                osEE_tc_isr_dummy_entry_210
                0x0000000080003a60                osEE_tc_isr_dummy_entry_211
                0x0000000080003a80                osEE_tc_isr_dummy_entry_212
                0x0000000080003aa0                osEE_tc_isr_dummy_entry_213
                0x0000000080003ac0                osEE_tc_isr_dummy_entry_214
                0x0000000080003ae0                osEE_tc_isr_dummy_entry_215
                0x0000000080003b00                osEE_tc_isr_dummy_entry_216
                0x0000000080003b20                osEE_tc_isr_dummy_entry_217
                0x0000000080003b40                osEE_tc_isr_dummy_entry_218
                0x0000000080003b60                osEE_tc_isr_dummy_entry_219
                0x0000000080003b80                osEE_tc_isr_dummy_entry_220
                0x0000000080003ba0                osEE_tc_isr_dummy_entry_221
                0x0000000080003bc0                osEE_tc_isr_dummy_entry_222
                0x0000000080003be0                osEE_tc_isr_dummy_entry_223
                0x0000000080003c00                osEE_tc_isr_dummy_entry_224
                0x0000000080003c20                osEE_tc_isr_dummy_entry_225
                0x0000000080003c40                osEE_tc_isr_dummy_entry_226
                0x0000000080003c60                osEE_tc_isr_dummy_entry_227
                0x0000000080003c80                osEE_tc_isr_dummy_entry_228
                0x0000000080003ca0                osEE_tc_isr_dummy_entry_229
                0x0000000080003cc0                osEE_tc_isr_dummy_entry_230
                0x0000000080003ce0                osEE_tc_isr_dummy_entry_231
                0x0000000080003d00                osEE_tc_isr_dummy_entry_232
                0x0000000080003d20                osEE_tc_isr_dummy_entry_233
                0x0000000080003d40                osEE_tc_isr_dummy_entry_234
                0x0000000080003d60                osEE_tc_isr_dummy_entry_235
                0x0000000080003d80                osEE_tc_isr_dummy_entry_236
                0x0000000080003da0                osEE_tc_isr_dummy_entry_237
                0x0000000080003dc0                osEE_tc_isr_dummy_entry_238
                0x0000000080003de0                osEE_tc_isr_dummy_entry_239
                0x0000000080003e00                osEE_tc_isr_dummy_entry_240
                0x0000000080003e20                osEE_tc_isr_dummy_entry_241
                0x0000000080003e40                osEE_tc_isr_dummy_entry_242
                0x0000000080003e60                osEE_tc_isr_dummy_entry_243
                0x0000000080003e80                osEE_tc_isr_dummy_entry_244
                0x0000000080003ea0                osEE_tc_isr_dummy_entry_245
                0x0000000080003ec0                osEE_tc_isr_dummy_entry_246
                0x0000000080003ee0                osEE_tc_isr_dummy_entry_247
                0x0000000080003f00                osEE_tc_isr_dummy_entry_248
                0x0000000080003f20                osEE_tc_isr_dummy_entry_249
                0x0000000080003f40                osEE_tc_isr_dummy_entry_250
                0x0000000080003f60                osEE_tc_isr_dummy_entry_251
                0x0000000080003f80                osEE_tc_isr_dummy_entry_252
                0x0000000080003fa0                osEE_tc_isr_dummy_entry_253
                0x0000000080003fc0                osEE_tc_isr_dummy_entry_254
                0x0000000080003fe0                osEE_tc_isr_dummy_entry_255
 *(.*.inttab_cpu0)
                0x0000000080004000                . = ALIGN (0x8)

.text           memory region -> PMU_PFLASH
                0x0000000080004000     0x9fd8
                0x0000000080004000                PROVIDE (__text_start, .)
 *(.text)
 .text          0x0000000080004000      0x10e obj/asw.c.o
                0x0000000080004000                FuncTask1
                0x0000000080004066                FuncTask2
                0x00000000800040c0                FuncTask3
                0x00000000800040fe                FuncTaskM
 *fill*         0x000000008000410e        0x2 00
 .text          0x0000000080004110      0x480 obj/bsw.c.o
                0x0000000080004110                UART_init
                0x0000000080004182                printfSerial
                0x00000000800041f0                mdelay
                0x00000000800042d8                printState
                0x0000000080004348                initVADCModule
                0x0000000080004366                initVADCGroup
                0x0000000080004398                initVADCChannels
                0x0000000080004416                initADC
                0x0000000080004438                readADCValue
                0x000000008000445e                initPeripheralsAndERU
                0x0000000080004500                asclin0TxISR
                0x000000008000450c                TimerISR
                0x0000000080004542                main
 .text          0x0000000080004590      0x5d4 obj/illd/Libraries/iLLD/TC27D/Tricore/Vadc/std/IfxVadc.c.o
                0x0000000080004590                IfxVadc_disableAccess
                0x00000000800045c8                IfxVadc_enableAccess
                0x0000000080004600                IfxVadc_configExternalMultiplexerMode
                0x0000000080004646                IfxVadc_disablePostCalibration
                0x0000000080004682                IfxVadc_enableGroupSync
                0x000000008000472c                IfxVadc_getAdcAnalogFrequency
                0x0000000080004744                IfxVadc_getAdcDigitalFrequency
                0x000000008000475e                IfxVadc_getAdcModuleFrequency
                0x0000000080004762                IfxVadc_getBackgroundScanStatus
                0x000000008000477c                IfxVadc_getQueueStatus
                0x000000008000478c                IfxVadc_getResultBasedOnRequestSource
                0x0000000080004820                IfxVadc_getScanStatus
                0x000000008000482a                IfxVadc_getSrcAddress
                0x0000000080004852                IfxVadc_initialiseAdcArbiterClock
                0x0000000080004876                IfxVadc_initialiseAdcConverterClock
                0x000000008000489a                IfxVadc_initializeFAdcD
                0x00000000800048c4                IfxVadc_initializeFAdcI
                0x000000008000492a                IfxVadc_isPostCalibration
                0x0000000080004994                IfxVadc_getChannelConversionTime
                0x0000000080004a3e                IfxVadc_resetKernel
                0x0000000080004a90                IfxVadc_selectPowerSupplyVoltage
                0x0000000080004ab4                IfxVadc_setArbiterPriority
                0x0000000080004b0a                IfxVadc_setScan
                0x0000000080004b1e                IfxVadc_startupCalibration
 .text          0x0000000080004b64      0x450 obj/illd/src/IfxAsclin.c.o
                0x0000000080004b64                IfxAsclin_disableModule
                0x0000000080004b80                IfxAsclin_enableAscErrorFlags
                0x0000000080004bae                IfxAsclin_enableModule
                0x0000000080004bca                IfxAsclin_getAddress
                0x0000000080004be0                IfxAsclin_getFaFrequency
                0x0000000080004c54                IfxAsclin_getIndex
                0x0000000080004c76                IfxAsclin_getPdFrequency
                0x0000000080004c8e                IfxAsclin_getOvsFrequency
                0x0000000080004cb2                IfxAsclin_getShiftFrequency
                0x0000000080004cc8                IfxAsclin_getSrcPointerEr
                0x0000000080004cdc                IfxAsclin_getSrcPointerRx
                0x0000000080004cf0                IfxAsclin_getSrcPointerTx
                0x0000000080004d04                IfxAsclin_read16
                0x0000000080004d16                IfxAsclin_read32
                0x0000000080004d28                IfxAsclin_read8
                0x0000000080004d3a                IfxAsclin_resetModule
                0x0000000080004d86                IfxAsclin_setClockSource
                0x0000000080004da8                IfxAsclin_setBaudrateBitFields
                0x0000000080004dfa                IfxAsclin_setBitTiming
                0x0000000080004f7c                IfxAsclin_write16
                0x0000000080004f90                IfxAsclin_write32
                0x0000000080004fa2                IfxAsclin_write8
 .text          0x0000000080004fb4      0x8d0 obj/illd/src/IfxAsclin_Asc.c.o
                0x0000000080004fb4                IfxAsclin_Asc_getReadCount
                0x0000000080004fba                IfxAsclin_Asc_getReadEvent
                0x0000000080004fc4                IfxAsclin_Asc_getSendCount
                0x0000000080004fca                IfxAsclin_Asc_getTxTimeStamp
                0x0000000080004fd0                IfxAsclin_Asc_getWriteCount
                0x0000000080004fde                IfxAsclin_Asc_getWriteEvent
                0x0000000080004fe8                IfxAsclin_Asc_isrError
                0x000000008000505a                IfxAsclin_Asc_resetSendCount
                0x0000000080005060                IfxAsclin_Asc_canReadCount
                0x0000000080005068                IfxAsclin_Asc_flushTx
                0x0000000080005104                IfxAsclin_Asc_canWriteCount
                0x000000008000510c                IfxAsclin_Asc_clearRx
                0x000000008000511c                IfxAsclin_Asc_clearTx
                0x0000000080005130                IfxAsclin_Asc_read
                0x000000008000514c                IfxAsclin_Asc_isrTransmit
                0x00000000800051ea                IfxAsclin_Asc_isrReceive
                0x0000000080005280                IfxAsclin_Asc_blockingRead
                0x00000000800052a6                IfxAsclin_Asc_disableModule
                0x00000000800052c2                IfxAsclin_Asc_initModule
                0x0000000080005670                IfxAsclin_Asc_initModuleConfig
                0x00000000800056f8                IfxAsclin_Asc_initiateTransmission
                0x0000000080005740                IfxAsclin_Asc_write
                0x00000000800057a2                IfxAsclin_Asc_blockingWrite
                0x00000000800057be                IfxAsclin_Asc_stdIfDPipeInit
 .text          0x0000000080005884      0x40e obj/illd/src/IfxPort.c.o
                0x0000000080005884                IfxPort_getAddress
                0x00000000800058b4                IfxPort_getIndex
                0x00000000800058d6                IfxPort_resetESR
                0x00000000800058fe                IfxPort_disableEmergencyStop
                0x000000008000592e                IfxPort_setESR
                0x0000000080005958                IfxPort_enableEmergencyStop
                0x0000000080005994                IfxPort_setGroupModeInput
                0x0000000080005a24                IfxPort_setGroupModeOutput
                0x0000000080005ab6                IfxPort_setGroupPadDriver
                0x0000000080005b5a                IfxPort_setPinMode
                0x0000000080005bb0                IfxPort_setPinModeLvdsHigh
                0x0000000080005c14                IfxPort_setPinModeLvdsMedium
                0x0000000080005c56                IfxPort_setPinPadDriver
 *fill*         0x0000000080005c92        0x2 00
 .text          0x0000000080005c94      0xf70 obj/illd/src/IfxScuCcu.c.o
                0x0000000080005c94                IfxScuCcu_calculateSysPllDividers
                0x0000000080005d8c                IfxScuCcu_getOsc0Frequency
                0x0000000080005d9a                IfxScuCcu_getOscFrequency
                0x0000000080005dca                IfxScuCcu_getPllErayFrequency
                0x0000000080005e2e                IfxScuCcu_getPllErayVcoFrequency
                0x0000000080005e72                IfxScuCcu_getPllFrequency
                0x0000000080005ee4                IfxScuCcu_getPllVcoFrequency
                0x0000000080005f28                IfxScuCcu_getSourceFrequency
                0x0000000080005f80                IfxScuCcu_getBbbFrequency
                0x0000000080005ff8                IfxScuCcu_getMaxFrequency
                0x0000000080006068                IfxScuCcu_getBaud1Frequency
                0x0000000080006088                IfxScuCcu_getBaud2Frequency
                0x00000000800060aa                IfxScuCcu_getSpbFrequency
                0x0000000080006122                IfxScuCcu_getModuleFrequency
                0x000000008000616c                IfxScuCcu_getSriFrequency
                0x00000000800061e6                IfxScuCcu_getCpuFrequency
                0x0000000080006228                IfxScuCcu_getFsi2Frequency
                0x000000008000625e                IfxScuCcu_getFsiFrequency
                0x0000000080006294                IfxScuCcu_init
                0x0000000080006652                IfxScuCcu_initConfig
                0x0000000080006666                IfxScuCcu_initErayPll
                0x0000000080006808                IfxScuCcu_initErayPllConfig
                0x000000008000681a                IfxScuCcu_setCpuFrequency
                0x0000000080006890                IfxScuCcu_setGtmFrequency
                0x000000008000691e                IfxScuCcu_setPll2ErayFrequency
                0x000000008000696e                IfxScuCcu_setPll2Frequency
                0x00000000800069be                IfxScuCcu_setSpbFrequency
                0x0000000080006a72                IfxScuCcu_setSriFrequency
                0x0000000080006af2                IfxScuCcu_switchToBackupClock
 .text          0x0000000080006c04      0x356 obj/illd/src/IfxScuEru.c.o
                0x0000000080006c04                IfxScuEru_clearAllEventFlags
                0x0000000080006c16                IfxScuEru_clearEventFlag
                0x0000000080006c2c                IfxScuEru_clearInputChannelConfiguration
                0x0000000080006c54                IfxScuEru_clearOutputChannelConfiguration
                0x0000000080006c7c                IfxScuEru_connectTrigger
                0x0000000080006cb2                IfxScuEru_disableAutoClear
                0x0000000080006cd8                IfxScuEru_disableFallingEdgeDetection
                0x0000000080006cfe                IfxScuEru_disablePatternDetectionTrigger
                0x0000000080006d24                IfxScuEru_disableRisingEdgeDetection
                0x0000000080006d4a                IfxScuEru_disableTriggerPulse
                0x0000000080006d70                IfxScuEru_enableAutoClear
                0x0000000080006d96                IfxScuEru_enableFallingEdgeDetection
                0x0000000080006dbc                IfxScuEru_enablePatternDetectionTrigger
                0x0000000080006de2                IfxScuEru_enableRisingEdgeDetection
                0x0000000080006e08                IfxScuEru_enableTriggerPulse
                0x0000000080006e2e                IfxScuEru_getAllEventFlagsStatus
                0x0000000080006e3c                IfxScuEru_getEventFlagStatus
                0x0000000080006e4e                IfxScuEru_getInputChannelConfiguration
                0x0000000080006e72                IfxScuEru_getOutputChannelConfiguration
                0x0000000080006e96                IfxScuEru_getPatternDetectionResult
                0x0000000080006ea8                IfxScuEru_getWholePatternDetectionResult
                0x0000000080006eb6                IfxScuEru_selectExternalInput
                0x0000000080006eea                IfxScuEru_setEventFlag
                0x0000000080006efc                IfxScuEru_setFlagPatternDetection
                0x0000000080006f28                IfxScuEru_setInterruptGatingPattern
 .text          0x0000000080006f5a      0x53a obj/illd/src/IfxScuWdt.c.o
                0x0000000080006f5a                IfxScuWdt_changeCpuWatchdogPassword
                0x0000000080006f92                IfxScuWdt_changeCpuWatchdogReload
                0x0000000080006fca                IfxScuWdt_changeSafetyWatchdogPassword
                0x0000000080006ffe                IfxScuWdt_changeSafetyWatchdogReload
                0x0000000080007032                IfxScuWdt_clearCpuEndinit
                0x0000000080007068                IfxScuWdt_clearSafetyEndinit
                0x000000008000709a                IfxScuWdt_disableCpuWatchdog
                0x00000000800070f4                IfxScuWdt_disableSafetyWatchdog
                0x0000000080007164                IfxScuWdt_enableCpuWatchdog
                0x00000000800071c0                IfxScuWdt_enableSafetyWatchdog
                0x0000000080007232                IfxScuWdt_getCpuWatchdogPassword
                0x0000000080007252                IfxScuWdt_getCpuWatchdogEndInit
                0x000000008000726e                IfxScuWdt_getSafetyWatchdogPassword
                0x0000000080007282                IfxScuWdt_initConfig
                0x000000008000729c                IfxScuWdt_setCpuEndinit
                0x00000000800072d2                IfxScuWdt_initCpuWatchdog
                0x0000000080007370                IfxScuWdt_serviceCpuWatchdog
                0x0000000080007374                IfxScuWdt_setSafetyEndinit
                0x00000000800073a6                IfxScuWdt_initSafetyWatchdog
                0x0000000080007450                IfxScuWdt_serviceSafetyWatchdog
                0x0000000080007454                IfxScuWdt_enableWatchdogWithDebugger
 .text          0x0000000080007494      0xb70 obj/illd/src/IfxVadc_Adc.c.o
                0x0000000080007494                IfxVadc_Adc_deInitGroup
                0x00000000800074ba                IfxVadc_Adc_disableModule
                0x00000000800074d6                IfxVadc_Adc_getChannelConfig
                0x00000000800075de                IfxVadc_Adc_getChannelConversionTime
                0x0000000080007616                IfxVadc_Adc_getGroupConfig
                0x0000000080007854                IfxVadc_Adc_initChannel
                0x0000000080007a40                IfxVadc_Adc_initChannelConfig
                0x0000000080007a56                IfxVadc_Adc_initGroup
                0x0000000080007de0                IfxVadc_Adc_initGroupConfig
                0x0000000080007e0e                IfxVadc_Adc_initModule
                0x0000000080007ef6                IfxVadc_Adc_initModuleConfig
                0x0000000080007f30                IfxVadc_Adc_initExternalMultiplexerModeConfig
                0x0000000080007f72                IfxVadc_Adc_initExternalMultiplexerMode
 .text          0x0000000080008004      0x1be obj/illd/src/Ifx_CircularBuffer.c.o
                0x0000000080008004                Ifx_CircularBuffer_get32
                0x0000000080008024                Ifx_CircularBuffer_get16
                0x0000000080008046                Ifx_CircularBuffer_addDataIncr
                0x0000000080008066                Ifx_CircularBuffer_read8
                0x00000000800080c4                Ifx_CircularBuffer_read32
                0x0000000080008114                Ifx_CircularBuffer_write8
                0x0000000080008172                Ifx_CircularBuffer_write32
 .text          0x00000000800081c2      0x55c obj/illd/src/Ifx_Fifo.c.o
                0x00000000800081c2                Ifx_Fifo_destroy
                0x00000000800081c6                Ifx_Fifo_init
                0x0000000080008200                Ifx_Fifo_create
                0x0000000080008222                Ifx_Fifo_canReadCount
                0x00000000800082fc                Ifx_Fifo_read
                0x0000000080008472                Ifx_Fifo_clear
                0x00000000800084a8                Ifx_Fifo_canWriteCount
                0x0000000080008598                Ifx_Fifo_write
 .text          0x000000008000871e      0x46c C:\Users\USER\Desktop\WORKSP~1\RTOS_W~1\0571E2~1.TAS\erika\lib\libee.a(ee_tc_cstart.c.o)
                0x000000008000871e                osEE_tc_core0_start
 .text          0x0000000080008b8a      0x4d0 C:\Users\USER\Desktop\WORKSP~1\RTOS_W~1\0571E2~1.TAS\erika\lib\libee.a(ee_tc_system.c.o)
                0x0000000080008bde                osEE_tc_set_pll_fsource
                0x0000000080008e0c                osEE_tc_get_fsource
                0x0000000080008eb0                osEE_tc_stm_set_clockpersec
                0x0000000080008ee4                osEE_tc_stm_set_sr0
                0x0000000080008f68                osEE_tc_stm_set_sr0_next_match
                0x0000000080008f86                osEE_tc_stm_set_sr1
                0x0000000080009014                osEE_tc_stm_set_sr1_next_match
                0x0000000080009032                osEE_tc_delay
 .text          0x000000008000905a        0xe C:\Users\USER\Desktop\WORKSP~1\RTOS_W~1\0571E2~1.TAS\erika\lib\libee.a(ee_tc_intvec.c.o)
 .text          0x0000000080009068      0x8c4 C:\Users\USER\Desktop\WORKSP~1\RTOS_W~1\0571E2~1.TAS\erika\lib\libee.a(ee_oo_api_osek.c.o)
                0x0000000080009086                DisableAllInterrupts
                0x000000008000909c                EnableAllInterrupts
                0x00000000800090b8                SuspendAllInterrupts
                0x00000000800090fa                ResumeAllInterrupts
                0x0000000080009120                SuspendOSInterrupts
                0x000000008000917c                ResumeOSInterrupts
                0x00000000800091b8                StartOS
                0x0000000080009264                GetActiveApplicationMode
                0x000000008000927e                ActivateTask
                0x0000000080009302                ChainTask
                0x00000000800093d8                TerminateTask
                0x0000000080009432                Schedule
                0x00000000800094a6                GetResource
                0x0000000080009558                ReleaseResource
                0x0000000080009644                ShutdownOS
                0x00000000800096a8                GetTaskID
                0x0000000080009700                GetTaskState
                0x0000000080009778                WaitEvent
                0x00000000800097f2                SetEvent
                0x0000000080009888                GetEvent
                0x00000000800098ba                ClearEvent
                0x0000000080009912                GetISRID
 .text          0x000000008000992c       0xf8 C:\Users\USER\Desktop\WORKSP~1\RTOS_W~1\0571E2~1.TAS\erika\lib\libee.a(ee_oo_sched_entry_points.c.o)
                0x000000008000994e                osEE_scheduler_task_wrapper_restore
                0x0000000080009958                osEE_scheduler_task_wrapper_run
                0x0000000080009a02                osEE_idle_hook_wrapper
 .text          0x0000000080009a24       0xec C:\Users\USER\Desktop\WORKSP~1\RTOS_W~1\0571E2~1.TAS\erika\lib\libee.a(ee_oo_scheduler.c.o)
                0x0000000080009a24                osEE_scheduler_core_rq_preempt_stk
                0x0000000080009a94                osEE_sn_priority_insert
                0x0000000080009adc                osEE_scheduler_rq_insert
                0x0000000080009aea                osEE_scheduler_core_pop_running
 .text          0x0000000080009b10       0x7a C:\Users\USER\Desktop\WORKSP~1\RTOS_W~1\0571E2~1.TAS\erika\lib\libee.a(ee_oo_kernel.c.o)
                0x0000000080009b10                osEE_task_activated
                0x0000000080009b28                osEE_task_end
                0x0000000080009b46                osEE_task_event_set_mask
                0x0000000080009b68                osEE_activate_isr2
 .text          0x0000000080009b8a      0x1c0 C:\Users\USER\Desktop\WORKSP~1\RTOS_W~1\0571E2~1.TAS\erika\lib\libee.a(ee_oo_sched_partitioned.c.o)
                0x0000000080009b8a                osEE_scheduler_task_activated
                0x0000000080009bf2                osEE_scheduler_task_insert
                0x0000000080009c20                osEE_scheduler_task_unblocked
                0x0000000080009c5c                osEE_scheduler_task_terminated
                0x0000000080009ce6                osEE_scheduler_task_preemption_point
                0x0000000080009d0c                osEE_scheduler_task_set_running
 .text          0x0000000080009d4a       0x6e C:\Users\USER\Desktop\WORKSP~1\RTOS_W~1\0571E2~1.TAS\erika\lib\libee.a(ee_std_change_context.c.o)
                0x0000000080009d4a                osEE_change_context_from_running
                0x0000000080009d72                osEE_change_context_from_task_end
                0x0000000080009d92                osEE_idle_task_terminate
 .text          0x0000000080009db8       0x6a C:\Users\USER\Desktop\WORKSP~1\RTOS_W~1\0571E2~1.TAS\erika\lib\libee.a(ee_tc_hal.c.o)
                0x0000000080009db8                osEE_cpu_startos
 .text          0x0000000080009e22      0x134 C:\Users\USER\Desktop\WORKSP~1\RTOS_W~1\0571E2~1.TAS\erika\lib\libee.a(ee_tc_ctx.c.o)
                0x0000000080009e44                osEE_hal_save_ctx_and_restore_ctx
                0x0000000080009e68                osEE_hal_restore_ctx
                0x0000000080009e82                osEE_hal_save_ctx_and_ready2stacked
                0x0000000080009ea6                osEE_hal_ready2stacked
                0x0000000080009ed2                osEE_tc_change_context_from_isr2_end
                0x0000000080009ef0                osEE_hal_terminate_ctx
 *(.text.*)
 .text.libgcc   0x0000000080009f56       0x26 c:/hightec/toolchains/tricore/v4.9.3.0-infineon-1.0/bin/../lib/gcc/tricore/4.9.4/tc161\libgcc.a(_lshrdi3.o)
                0x0000000080009f56                __lshrdi3
 .text.__floatundisf
                0x0000000080009f7c       0x4c c:/hightec/toolchains/tricore/v4.9.3.0-infineon-1.0/bin/../lib/gcc/tricore/4.9.4/tc161\libgcc.a(_floatundisf.o)
                0x0000000080009f7c                __floatundisf
 .text.__extendsfdf2
                0x0000000080009fc8       0x32 c:/hightec/toolchains/tricore/v4.9.3.0-infineon-1.0/bin/../lib/gcc/tricore/4.9.4/tc161\libgcc.a(_sf_to_df.o)
                0x0000000080009fc8                __extendsfdf2
 .text._fpadd_parts
                0x0000000080009ffa      0x19c c:/hightec/toolchains/tricore/v4.9.3.0-infineon-1.0/bin/../lib/gcc/tricore/4.9.4/tc161\libgcc.a(_addsub_df.o)
 .text.__adddf3
                0x000000008000a196       0x38 c:/hightec/toolchains/tricore/v4.9.3.0-infineon-1.0/bin/../lib/gcc/tricore/4.9.4/tc161\libgcc.a(_addsub_df.o)
                0x000000008000a196                __adddf3
 .text.__subdf3
                0x000000008000a1ce       0x40 c:/hightec/toolchains/tricore/v4.9.3.0-infineon-1.0/bin/../lib/gcc/tricore/4.9.4/tc161\libgcc.a(_addsub_df.o)
                0x000000008000a1ce                __subdf3
 .text.__muldf3
                0x000000008000a20e      0x1a4 c:/hightec/toolchains/tricore/v4.9.3.0-infineon-1.0/bin/../lib/gcc/tricore/4.9.4/tc161\libgcc.a(_mul_df.o)
                0x000000008000a20e                __muldf3
 .text.__divdf3
                0x000000008000a3b2      0x118 c:/hightec/toolchains/tricore/v4.9.3.0-infineon-1.0/bin/../lib/gcc/tricore/4.9.4/tc161\libgcc.a(_div_df.o)
                0x000000008000a3b2                __divdf3
 .text.__floatsidf
                0x000000008000a4ca       0x48 c:/hightec/toolchains/tricore/v4.9.3.0-infineon-1.0/bin/../lib/gcc/tricore/4.9.4/tc161\libgcc.a(_si_to_df.o)
                0x000000008000a4ca                __floatsidf
 .text.__make_dp
                0x000000008000a512       0x1e c:/hightec/toolchains/tricore/v4.9.3.0-infineon-1.0/bin/../lib/gcc/tricore/4.9.4/tc161\libgcc.a(_make_df.o)
                0x000000008000a512                __make_dp
 .text.__truncdfsf2
                0x000000008000a530       0x3c c:/hightec/toolchains/tricore/v4.9.3.0-infineon-1.0/bin/../lib/gcc/tricore/4.9.4/tc161\libgcc.a(_df_to_sf.o)
                0x000000008000a530                __truncdfsf2
 .text.__floatunsidf
                0x000000008000a56c       0x32 c:/hightec/toolchains/tricore/v4.9.3.0-infineon-1.0/bin/../lib/gcc/tricore/4.9.4/tc161\libgcc.a(_usi_to_df.o)
                0x000000008000a56c                __floatunsidf
 .text.libgcc   0x000000008000a59e       0x1a c:/hightec/toolchains/tricore/v4.9.3.0-infineon-1.0/bin/../lib/gcc/tricore/4.9.4/tc161\libgcc.a(_ashldi3.o)
                0x000000008000a59e                __ashldi3
 .text.__unpack_f
                0x000000008000a5b8       0x7a c:/hightec/toolchains/tricore/v4.9.3.0-infineon-1.0/bin/../lib/gcc/tricore/4.9.4/tc161\libgcc.a(_unpack_sf.o)
                0x000000008000a5b8                __unpack_f
 .text.__make_fp
                0x000000008000a632       0x16 c:/hightec/toolchains/tricore/v4.9.3.0-infineon-1.0/bin/../lib/gcc/tricore/4.9.4/tc161\libgcc.a(_make_sf.o)
                0x000000008000a632                __make_fp
 .text.__pack_d
                0x000000008000a648      0x112 c:/hightec/toolchains/tricore/v4.9.3.0-infineon-1.0/bin/../lib/gcc/tricore/4.9.4/tc161\libgcc.a(_pack_df.o)
                0x000000008000a648                __pack_d
 .text.__unpack_d
                0x000000008000a75a       0xac c:/hightec/toolchains/tricore/v4.9.3.0-infineon-1.0/bin/../lib/gcc/tricore/4.9.4/tc161\libgcc.a(_unpack_df.o)
                0x000000008000a75a                __unpack_d
 .text.__pack_f
                0x000000008000a806       0xc6 c:/hightec/toolchains/tricore/v4.9.3.0-infineon-1.0/bin/../lib/gcc/tricore/4.9.4/tc161\libgcc.a(_pack_sf.o)
                0x000000008000a806                __pack_f
 .text.malloc   0x000000008000a8cc        0xc c:/hightec/toolchains/tricore/v4.9.3.0-infineon-1.0/bin/../lib/gcc/tricore/4.9.4/../../../../tricore/lib/tc161\libc.a(lib_a-malloc.o)
                0x000000008000a8cc                malloc
 .text.free     0x000000008000a8d8        0xe c:/hightec/toolchains/tricore/v4.9.3.0-infineon-1.0/bin/../lib/gcc/tricore/4.9.4/../../../../tricore/lib/tc161\libc.a(lib_a-malloc.o)
                0x000000008000a8d8                free
 .text._malloc_r
                0x000000008000a8e6      0x49a c:/hightec/toolchains/tricore/v4.9.3.0-infineon-1.0/bin/../lib/gcc/tricore/4.9.4/../../../../tricore/lib/tc161\libc.a(lib_a-mallocr.o)
                0x000000008000a8e6                _malloc_r
 .text.__malloc_lock
                0x000000008000ad80        0x2 c:/hightec/toolchains/tricore/v4.9.3.0-infineon-1.0/bin/../lib/gcc/tricore/4.9.4/../../../../tricore/lib/tc161\libc.a(lib_a-mlock.o)
                0x000000008000ad80                __malloc_lock
 .text.__malloc_unlock
                0x000000008000ad82        0x2 c:/hightec/toolchains/tricore/v4.9.3.0-infineon-1.0/bin/../lib/gcc/tricore/4.9.4/../../../../tricore/lib/tc161\libc.a(lib_a-mlock.o)
                0x000000008000ad82                __malloc_unlock
 .text._sbrk_r  0x000000008000ad84       0x1e c:/hightec/toolchains/tricore/v4.9.3.0-infineon-1.0/bin/../lib/gcc/tricore/4.9.4/../../../../tricore/lib/tc161\libc.a(lib_a-sbrkr.o)
                0x000000008000ad84                _sbrk_r
 .text.strlen   0x000000008000ada2       0x14 c:/hightec/toolchains/tricore/v4.9.3.0-infineon-1.0/bin/../lib/gcc/tricore/4.9.4/../../../../tricore/lib/tc161\libc.a(lib_a-strlen.o)
                0x000000008000ada2                strlen
 .text._vsnprintf_r
                0x000000008000adb6       0x4a c:/hightec/toolchains/tricore/v4.9.3.0-infineon-1.0/bin/../lib/gcc/tricore/4.9.4/../../../../tricore/lib/tc161\libc.a(lib_a-vsnprintf.o)
                0x000000008000adb6                _vsnprintf_r
 .text.vsnprintf
                0x000000008000ae00       0x16 c:/hightec/toolchains/tricore/v4.9.3.0-infineon-1.0/bin/../lib/gcc/tricore/4.9.4/../../../../tricore/lib/tc161\libc.a(lib_a-vsnprintf.o)
                0x000000008000ae00                vsnprintf
 .text._malloc_trim_r
                0x000000008000ae16       0xba c:/hightec/toolchains/tricore/v4.9.3.0-infineon-1.0/bin/../lib/gcc/tricore/4.9.4/../../../../tricore/lib/tc161\libc.a(lib_a-freer.o)
                0x000000008000ae16                _malloc_trim_r
 .text._free_r  0x000000008000aed0      0x1ac c:/hightec/toolchains/tricore/v4.9.3.0-infineon-1.0/bin/../lib/gcc/tricore/4.9.4/../../../../tricore/lib/tc161\libc.a(lib_a-freer.o)
                0x000000008000aed0                _free_r
 .text._svfprintf_r
                0x000000008000b07c     0x11a4 c:/hightec/toolchains/tricore/v4.9.3.0-infineon-1.0/bin/../lib/gcc/tricore/4.9.4/../../../../tricore/lib/tc161\libc.a(lib_a-svfprintf.o)
                0x000000008000b07c                _svfprintf_r
 .text.quorem   0x000000008000c220      0x11a c:/hightec/toolchains/tricore/v4.9.3.0-infineon-1.0/bin/../lib/gcc/tricore/4.9.4/../../../../tricore/lib/tc161\libc.a(lib_a-dtoa.o)
 *fill*         0x000000008000c33a        0x2 00
 .text._dtoa_r  0x000000008000c33c      0xcd4 c:/hightec/toolchains/tricore/v4.9.3.0-infineon-1.0/bin/../lib/gcc/tricore/4.9.4/../../../../tricore/lib/tc161\libc.a(lib_a-dtoa.o)
                0x000000008000c33c                _dtoa_r
 .text._localeconv_r
                0x000000008000d010        0xa c:/hightec/toolchains/tricore/v4.9.3.0-infineon-1.0/bin/../lib/gcc/tricore/4.9.4/../../../../tricore/lib/tc161\libc.a(lib_a-locale.o)
                0x000000008000d010                _localeconv_r
 .text.memchr   0x000000008000d01a       0x18 c:/hightec/toolchains/tricore/v4.9.3.0-infineon-1.0/bin/../lib/gcc/tricore/4.9.4/../../../../tricore/lib/tc161\libc.a(lib_a-memchr.o)
                0x000000008000d01a                memchr
 .text.memcpy   0x000000008000d032       0x1c c:/hightec/toolchains/tricore/v4.9.3.0-infineon-1.0/bin/../lib/gcc/tricore/4.9.4/../../../../tricore/lib/tc161\libc.a(lib_a-memcpy.o)
                0x000000008000d032                memcpy
 .text._Balloc  0x000000008000d04e       0x56 c:/hightec/toolchains/tricore/v4.9.3.0-infineon-1.0/bin/../lib/gcc/tricore/4.9.4/../../../../tricore/lib/tc161\libc.a(lib_a-mprec.o)
                0x000000008000d04e                _Balloc
 .text._Bfree   0x000000008000d0a4       0x12 c:/hightec/toolchains/tricore/v4.9.3.0-infineon-1.0/bin/../lib/gcc/tricore/4.9.4/../../../../tricore/lib/tc161\libc.a(lib_a-mprec.o)
                0x000000008000d0a4                _Bfree
 .text.__multadd
                0x000000008000d0b6       0x82 c:/hightec/toolchains/tricore/v4.9.3.0-infineon-1.0/bin/../lib/gcc/tricore/4.9.4/../../../../tricore/lib/tc161\libc.a(lib_a-mprec.o)
                0x000000008000d0b6                __multadd
 .text.__hi0bits
                0x000000008000d138       0x42 c:/hightec/toolchains/tricore/v4.9.3.0-infineon-1.0/bin/../lib/gcc/tricore/4.9.4/../../../../tricore/lib/tc161\libc.a(lib_a-mprec.o)
                0x000000008000d138                __hi0bits
 .text.__lo0bits
                0x000000008000d17a       0x66 c:/hightec/toolchains/tricore/v4.9.3.0-infineon-1.0/bin/../lib/gcc/tricore/4.9.4/../../../../tricore/lib/tc161\libc.a(lib_a-mprec.o)
                0x000000008000d17a                __lo0bits
 .text.__i2b    0x000000008000d1e0       0x10 c:/hightec/toolchains/tricore/v4.9.3.0-infineon-1.0/bin/../lib/gcc/tricore/4.9.4/../../../../tricore/lib/tc161\libc.a(lib_a-mprec.o)
                0x000000008000d1e0                __i2b
 .text.__multiply
                0x000000008000d1f0      0x11a c:/hightec/toolchains/tricore/v4.9.3.0-infineon-1.0/bin/../lib/gcc/tricore/4.9.4/../../../../tricore/lib/tc161\libc.a(lib_a-mprec.o)
                0x000000008000d1f0                __multiply
 .text.__pow5mult
                0x000000008000d30a       0x7c c:/hightec/toolchains/tricore/v4.9.3.0-infineon-1.0/bin/../lib/gcc/tricore/4.9.4/../../../../tricore/lib/tc161\libc.a(lib_a-mprec.o)
                0x000000008000d30a                __pow5mult
 .text.__lshift
                0x000000008000d386       0xba c:/hightec/toolchains/tricore/v4.9.3.0-infineon-1.0/bin/../lib/gcc/tricore/4.9.4/../../../../tricore/lib/tc161\libc.a(lib_a-mprec.o)
                0x000000008000d386                __lshift
 .text.__mcmp   0x000000008000d440       0x42 c:/hightec/toolchains/tricore/v4.9.3.0-infineon-1.0/bin/../lib/gcc/tricore/4.9.4/../../../../tricore/lib/tc161\libc.a(lib_a-mprec.o)
                0x000000008000d440                __mcmp
 .text.__mdiff  0x000000008000d482       0xca c:/hightec/toolchains/tricore/v4.9.3.0-infineon-1.0/bin/../lib/gcc/tricore/4.9.4/../../../../tricore/lib/tc161\libc.a(lib_a-mprec.o)
                0x000000008000d482                __mdiff
 .text.__d2b    0x000000008000d54c       0xa8 c:/hightec/toolchains/tricore/v4.9.3.0-infineon-1.0/bin/../lib/gcc/tricore/4.9.4/../../../../tricore/lib/tc161\libc.a(lib_a-mprec.o)
                0x000000008000d54c                __d2b
 .text.__fpclassifyd
                0x000000008000d5f4       0x42 c:/hightec/toolchains/tricore/v4.9.3.0-infineon-1.0/bin/../lib/gcc/tricore/4.9.4/../../../../tricore/lib/tc161\libc.a(lib_a-s_fpclassify.o)
                0x000000008000d5f4                __fpclassifyd
 .text.__ssprint_r
                0x000000008000d636       0xf0 c:/hightec/toolchains/tricore/v4.9.3.0-infineon-1.0/bin/../lib/gcc/tricore/4.9.4/../../../../tricore/lib/tc161\libc.a(lib_a-svfiprintf.o)
                0x000000008000d636                __ssprint_r
 .text._calloc_r
                0x000000008000d726       0x62 c:/hightec/toolchains/tricore/v4.9.3.0-infineon-1.0/bin/../lib/gcc/tricore/4.9.4/../../../../tricore/lib/tc161\libc.a(lib_a-callocr.o)
                0x000000008000d726                _calloc_r
 .text.memmove  0x000000008000d788       0x50 c:/hightec/toolchains/tricore/v4.9.3.0-infineon-1.0/bin/../lib/gcc/tricore/4.9.4/../../../../tricore/lib/tc161\libc.a(lib_a-memmove.o)
                0x000000008000d788                memmove
 .text.memset   0x000000008000d7d8       0x10 c:/hightec/toolchains/tricore/v4.9.3.0-infineon-1.0/bin/../lib/gcc/tricore/4.9.4/../../../../tricore/lib/tc161\libc.a(lib_a-memset.o)
                0x000000008000d7d8                memset
 .text._realloc_r
                0x000000008000d7e8      0x3f0 c:/hightec/toolchains/tricore/v4.9.3.0-infineon-1.0/bin/../lib/gcc/tricore/4.9.4/../../../../tricore/lib/tc161\libc.a(lib_a-reallocr.o)
                0x000000008000d7e8                _realloc_r
 .text._exit    0x000000008000dbd8       0x10 c:/hightec/toolchains/tricore/v4.9.3.0-infineon-1.0/bin/../lib/gcc/tricore/4.9.4/../../../../tricore/lib/tc161\libos.a(libos_exit.o)
                0x000000008000dbd8                _exit
 .text.sbrk     0x000000008000dbe8       0x3c c:/hightec/toolchains/tricore/v4.9.3.0-infineon-1.0/bin/../lib/gcc/tricore/4.9.4/../../../../tricore/lib/tc161\libos.a(libos_sbrk.o)
                0x000000008000dbe8                sbrk
 .text.__errno  0x000000008000dc24        0xa c:/hightec/toolchains/tricore/v4.9.3.0-infineon-1.0/bin/../lib/gcc/tricore/4.9.4/../../../../tricore/lib/tc161\libos.a(libos.o)
                0x000000008000dc24                __errno
 .text.abort    0x000000008000dc2e       0x12 c:/hightec/toolchains/tricore/v4.9.3.0-infineon-1.0/bin/../lib/gcc/tricore/4.9.4/../../../../tricore/lib/tc161\libos.a(libos_abort.o)
                0x000000008000dc2e                abort
 .text.__eqdf2  0x000000008000dc40       0x40 c:/hightec/toolchains/tricore/v4.9.3.0-infineon-1.0/bin/../lib/gcc/tricore/4.9.4/tc161\libgcc.a(_eq_df.o)
                0x000000008000dc40                __eqdf2
 .text.__nedf2  0x000000008000dc80       0x40 c:/hightec/toolchains/tricore/v4.9.3.0-infineon-1.0/bin/../lib/gcc/tricore/4.9.4/tc161\libgcc.a(_ne_df.o)
                0x000000008000dc80                __nedf2
 .text.__gtdf2  0x000000008000dcc0       0x40 c:/hightec/toolchains/tricore/v4.9.3.0-infineon-1.0/bin/../lib/gcc/tricore/4.9.4/tc161\libgcc.a(_gt_df.o)
                0x000000008000dcc0                __gtdf2
 .text.__gedf2  0x000000008000dd00       0x40 c:/hightec/toolchains/tricore/v4.9.3.0-infineon-1.0/bin/../lib/gcc/tricore/4.9.4/tc161\libgcc.a(_ge_df.o)
                0x000000008000dd00                __gedf2
 .text.__ltdf2  0x000000008000dd40       0x40 c:/hightec/toolchains/tricore/v4.9.3.0-infineon-1.0/bin/../lib/gcc/tricore/4.9.4/tc161\libgcc.a(_lt_df.o)
                0x000000008000dd40                __ltdf2
 .text.__fixdfsi
                0x000000008000dd80       0x4e c:/hightec/toolchains/tricore/v4.9.3.0-infineon-1.0/bin/../lib/gcc/tricore/4.9.4/tc161\libgcc.a(_df_to_si.o)
                0x000000008000dd80                __fixdfsi
 .text.__udivdi3
                0x000000008000ddce       0xa0 c:/hightec/toolchains/tricore/v4.9.3.0-infineon-1.0/bin/../lib/gcc/tricore/4.9.4/tc161\libgcc.a(udivdi3.o)
                0x000000008000ddce                __udivdi3
 .text.__umoddi3
                0x000000008000de6e       0x26 c:/hightec/toolchains/tricore/v4.9.3.0-infineon-1.0/bin/../lib/gcc/tricore/4.9.4/tc161\libgcc.a(umoddi3.o)
                0x000000008000de6e                __umoddi3
 .text.__fpcmp_parts_d
                0x000000008000de94       0xa6 c:/hightec/toolchains/tricore/v4.9.3.0-infineon-1.0/bin/../lib/gcc/tricore/4.9.4/tc161\libgcc.a(_fpcmp_parts_df.o)
                0x000000008000de94                __fpcmp_parts_d
 .text.__udiv6432
                0x000000008000df3a       0x9c c:/hightec/toolchains/tricore/v4.9.3.0-infineon-1.0/bin/../lib/gcc/tricore/4.9.4/tc161\libgcc.a(udiv6432.o)
                0x000000008000df3a                __udiv6432
 *(.gnu.linkonce.t.*)
 *(.gnu.warning)
                0x000000008000dfd8                . = ALIGN (0x8)
 *fill*         0x000000008000dfd6        0x2 00

.sdata3         memory region -> PMU_PFLASH
                0x000000008000dfd8        0x0
 *(.rodata_a8)
 *(.rodata_a8.*)
                0x0000000080008000                _SMALL_DATA3_ = SIZEOF (.sdata3)?(ADDR (.sdata3) + 0x8000):((ADDR (.sdata3) & 0xf0000000) + 0x8000)
                0x0000000080008000                __A8_MEM = _SMALL_DATA3_

.inttab_cpu1    memory region -> PMU_PFLASH
                0x000000008000e000        0x0
                0x000000008000e000                PROVIDE (__INTTAB1, .)
 *(.inttab_cpu1)
 *(.*.inttab_cpu1)
                0x000000008000e000                . = ALIGN (0x8)

.inttab_cpu2    memory region -> PMU_PFLASH
                0x000000008000e000        0x0
                0x000000008000e000                PROVIDE (__INTTAB2, .)
 *(.inttab_cpu2)
 *(.*.inttab_cpu2)
                0x000000008000e000                . = ALIGN (0x8)

.zdata          memory region -> DMI_DSPR0
                0x0000000070000000        0x0 load address 0x000000008000dfd8
 *(.zdata)
 *(.zdata.*)
 *(.gnu.linkonce.z.*)

.zbss           memory region -> DMI_DSPR0
                0x0000000070000000        0x0 load address 0x000000008000dfd8
 *(.zbss)
 *(.zbss.*)
 *(.bbss)
 *(.bbss.*)
 *(.gnu.linkonce.zb.*)

.sdata          memory region -> DMI_DSPR0
                0x0000000070000000        0x0 load address 0x000000008000dfd8
 *(.sdata)
 *(.sdata.*)
                0x0000000070008000                _SMALL_DATA_ = SIZEOF (.sdata)?(ADDR (.sdata) + 0x8000):((ADDR (.sdata) & 0xf0000000) + 0x8000)
                0x0000000070008000                __A0_MEM = _SMALL_DATA_

.sbss           memory region -> DMI_DSPR0
                0x0000000070000000        0x0 load address 0x000000008000dfd8
 *(.sbss)
 *(.sbss.*)

.data           memory region -> DMI_DSPR0
                0x0000000070000000      0x930 load address 0x000000008000dfd8
 *(.data)
 .data          0x0000000070000000        0x8 obj/bsw.c.o
                0x0000000070000004                g_vadcChannelIDs
 .data          0x0000000070000008       0xe0 obj/ee_applcfg.c.o
                0x0000000070000008                osEE_ccb_var
 .data          0x00000000700000e8        0x8 obj/illd/src/IfxScuCcu.c.o
 .data          0x00000000700000f0      0x410 c:/hightec/toolchains/tricore/v4.9.3.0-infineon-1.0/bin/../lib/gcc/tricore/4.9.4/../../../../tricore/lib/tc161\libc.a(lib_a-mallocr.o)
                0x00000000700000f0                __malloc_sbrk_base
                0x00000000700000f4                __malloc_trim_threshold
                0x00000000700000f8                __malloc_av_
 .data          0x0000000070000500      0x428 c:/hightec/toolchains/tricore/v4.9.3.0-infineon-1.0/bin/../lib/gcc/tricore/4.9.4/../../../../tricore/lib/tc161\libc.a(lib_a-impure.o)
                0x0000000070000500                _impure_ptr
 .data          0x0000000070000928        0x8 c:/hightec/toolchains/tricore/v4.9.3.0-infineon-1.0/bin/../lib/gcc/tricore/4.9.4/../../../../tricore/lib/tc161\libos.a(libos_sbrk.o)
 *(.data.*)
 *(.gnu.linkonce.d.*)

.bss            memory region -> DMI_DSPR0
                0x0000000070000930      0x320 load address 0x000000008000e908
 *(.bss)
 .bss           0x0000000070000930      0x2b8 obj/bsw.c.o
                0x0000000070000930                g_vadcChannel
                0x0000000070000950                g_vadcGroup
                0x000000007000095c                g_vadc
                0x0000000070000960                g_ERUconfig
                0x000000007000096c                g_AsclinAsc
 .bss           0x0000000070000be8       0x18 obj/ee_applcfg.c.o
                0x0000000070000be8                osEE_kcb_var
 .bss           0x0000000070000c00        0x8 C:\Users\USER\Desktop\WORKSP~1\RTOS_W~1\0571E2~1.TAS\erika\lib\libee.a(ee_tc_system.c.o)
 .bss           0x0000000070000c08       0x38 c:/hightec/toolchains/tricore/v4.9.3.0-infineon-1.0/bin/../lib/gcc/tricore/4.9.4/../../../../tricore/lib/tc161\libc.a(lib_a-mallocr.o)
                0x0000000070000c08                __malloc_current_mallinfo
                0x0000000070000c30                __malloc_max_total_mem
                0x0000000070000c34                __malloc_max_sbrked_mem
                0x0000000070000c38                __malloc_top_pad
 .bss           0x0000000070000c40        0x8 c:/hightec/toolchains/tricore/v4.9.3.0-infineon-1.0/bin/../lib/gcc/tricore/4.9.4/../../../../tricore/lib/tc161\libc.a(lib_a-reent.o)
                0x0000000070000c40                errno
 .bss           0x0000000070000c48        0x8 c:/hightec/toolchains/tricore/v4.9.3.0-infineon-1.0/bin/../lib/gcc/tricore/4.9.4/../../../../tricore/lib/tc161\libos.a(libos.o)
                0x0000000070000c48                _my_errno
 *(.bss.*)
 *(.gnu.linkonce.b.*)

.heap           memory region -> DMI_DSPR0
                0x0000000070000c50        0x0 load address 0x000000008000e908
                0x0000000070000c50                PROVIDE (__HEAP, .)
                0x0000000070000c50                . = (. + __HEAP_SIZE)
                0x0000000070000c50                PROVIDE (__HEAP_END, .)

.CPU2.zdata     memory region -> DMI_DSPR2
                0x0000000050000000        0x0 load address 0x000000008000e908
 *(.zdata_cpu2)
 *(.zdata_cpu2.*)

.CPU2.zbss      memory region -> DMI_DSPR2
                0x0000000050000000        0x0 load address 0x000000008000e908
 *(.zbss_cpu2)
 *(.zbss_cpu2.*)

.CPU2.data      memory region -> DMI_DSPR2
                0x0000000050000000        0x0 load address 0x000000008000e908
 *(.data_cpu2)